<html>
<body>
<pre>
<h1>µVision Build Log</h1>
<h2>Tool Versions:</h2>
IDE-Version: £gVision V5.23.0.0
Copyright (C) 2017 ARM Ltd and ARM Germany GmbH. All rights reserved.
License Information: 1 user, 1, LIC=D0D8T-RPDAV-63YMB-294FV-0SQ49-JCYGG
 
Tool Versions:
Toolchain:       MDK-ARM Plus  Version: 5.23
Toolchain Path:  C:\Keil_v5\ARM\ARMCC\Bin
C Compiler:      Armcc.exe V5.06 update 4 (build 422)
Assembler:       Armasm.exe V5.06 update 4 (build 422)
Linker/Locator:  ArmLink.exe V5.06 update 4 (build 422)
Library Manager: ArmAr.exe V5.06 update 4 (build 422)
Hex Converter:   FromElf.exe V5.06 update 4 (build 422)
CPU DLL:         SARMCM3.DLL V5.23
Dialog DLL:      DCM.DLL V1.15.0.0
Target DLL:      CMSIS_AGDI.dll V1.27.5.0
Dialog DLL:      TCM.DLL V1.27.0.0
 
<h2>Project:</h2>
D:\´È¹Ô\AT32F403ARGT7_WorkBench\project\MDK_V5\AT32F403ARGT7_WorkBench.uvprojx
Project File Date:  03/15/2024

<h2>Output:</h2>
*** Using Compiler 'V5.06 update 4 (build 422)', folder: 'C:\Keil_v5\ARM\ARMCC\Bin'
Rebuild target 'AT32F403ARGT7_WorkBench'
compiling main.c...
assembling startup_at32f403a_407.s...
compiling at32f403a_407_int.c...
compiling at32f403a_407_spi.c...
compiling at32f403a_407_crm.c...
compiling at32f403a_407_usart.c...
compiling at32f403a_407_tmr.c...
compiling at32f403a_407_exint.c...
compiling at32f403a_407_gpio.c...
compiling at32f403a_407_wk_config.c...
..\src\at32f403a_407_wk_config.c(150): warning:  #188-D: enumerated type mixed with another type
      gpio_bits_write(
PIOA,
PIO_PINS_2,0);
..\src\at32f403a_407_wk_config.c(155): warning:  #188-D: enumerated type mixed with another type
      gpio_bits_write(
PIOA,
PIO_PINS_2,1);
..\src\at32f403a_407_wk_config.c(252): warning:  #188-D: enumerated type mixed with another type
      gpio_bits_write(
PIOA,
PIO_PINS_4,0);
..\src\at32f403a_407_wk_config.c(262): warning:  #188-D: enumerated type mixed with another type
      gpio_bits_write(
PIOA,
PIO_PINS_4,1);
..\src\at32f403a_407_wk_config.c: 4 warnings, 0 errors
compiling at32f403a_407_pwc.c...
compiling ads131m0x.c...
..\src\ads131m0x.c(73): warning:  #188-D: enumerated type mixed with another type
  	gpio_bits_write(
PIOA, 
PIO_PINS_2, 1);
..\src\ads131m0x.c(220): warning:  #188-D: enumerated type mixed with another type
      gpio_bits_write(
PIOA,
PIO_PINS_4,0);
..\src\ads131m0x.c(335): warning:  #188-D: enumerated type mixed with another type
      gpio_bits_write(
PIOA,
PIO_PINS_4,1);
..\src\ads131m0x.c(377): warning:  #188-D: enumerated type mixed with another type
      gpio_bits_write(
PIOA,
PIO_PINS_4,0);
..\src\ads131m0x.c(387): warning:  #188-D: enumerated type mixed with another type
      gpio_bits_write(
PIOA,
PIO_PINS_4,1);
..\src\ads131m0x.c(425): warning:  #188-D: enumerated type mixed with another type
      gpio_bits_write(
PIOA,
PIO_PINS_4,0);
..\src\ads131m0x.c(445): warning:  #188-D: enumerated type mixed with another type
      gpio_bits_write(
PIOA,
PIO_PINS_4,1);
..\src\ads131m0x.c: 7 warnings, 0 errors
compiling at32f403a_407_misc.c...
compiling at32f403a_407_debug.c...
compiling at32f403a_407_flash.c...
compiling system_at32f403a_407.c...
linking...
Program Size: Code=7330 RO-data=482 RW-data=16 ZI-data=1784  
FromELF: creating hex file...
".\objects\AT32F403ARGT7_WorkBench.axf" - 0 Error(s), 11 Warning(s).

<h2>Collection of Component include folders:</h2>
  .\RTE\_AT32F403ARGT7_WorkBench
  C:\Keil_v5\ARM\PACK\ArteryTek\AT32F403A_407_DFP\2.1.4\Device\Include

<h2>Collection of Component Files used:</h2>
Build Time Elapsed:  00:00:02
</pre>
</body>
</html>
