Component: ARM Compiler 5.06 update 4 (build 422) Tool: armlink [4d35d2]

==============================================================================

Section Cross References

    main.o(i.main) refers to at32f403a_407_wk_config.o(i.delay_init) for delay_init
    main.o(i.main) refers to at32f403a_407_wk_config.o(i.wk_system_clock_config) for wk_system_clock_config
    main.o(i.main) refers to at32f403a_407_wk_config.o(i.wk_periph_clock_config) for wk_periph_clock_config
    main.o(i.main) refers to at32f403a_407_wk_config.o(i.wk_debug_config) for wk_debug_config
    main.o(i.main) refers to at32f403a_407_wk_config.o(i.wk_nvic_config) for wk_nvic_config
    main.o(i.main) refers to at32f403a_407_wk_config.o(i.wk_usart1_init) for wk_usart1_init
    main.o(i.main) refers to at32f403a_407_wk_config.o(i.wk_spi1_init) for wk_spi1_init
    main.o(i.main) refers to at32f403a_407_wk_config.o(i.wk_exint_config) for wk_exint_config
    main.o(i.main) refers to at32f403a_407_wk_config.o(i.wk_tmr2_init) for wk_tmr2_init
    main.o(i.main) refers to at32f403a_407_wk_config.o(i.wk_gpio_config) for wk_gpio_config
    main.o(i.main) refers to ads131m0x.o(i.adcStartup) for adcStartup
    main.o(i.main) refers to at32f403a_407_wk_config.o(i.waitForDRDYinterrupt) for waitForDRDYinterrupt
    main.o(i.main) refers to ads131m0x.o(i.readData) for readData
    main.o(i.main) refers to main.o(.bss) for adc_data
    at32f403a_407_wk_config.o(i.delay_init) refers to at32f403a_407_misc.o(i.systick_clock_source_config) for systick_clock_source_config
    at32f403a_407_wk_config.o(i.delay_init) refers to system_at32f403a_407.o(.data) for system_core_clock
    at32f403a_407_wk_config.o(i.delay_init) refers to at32f403a_407_wk_config.o(.data) for fac_us
    at32f403a_407_wk_config.o(i.delay_ms) refers to at32f403a_407_wk_config.o(.data) for fac_ms
    at32f403a_407_wk_config.o(i.delay_us) refers to at32f403a_407_wk_config.o(.data) for fac_us
    at32f403a_407_wk_config.o(i.spiSendReceiveArrays) refers to assert.o(.text) for __aeabi_assert
    at32f403a_407_wk_config.o(i.spiSendReceiveArrays) refers to at32f403a_407_gpio.o(i.gpio_bits_write) for gpio_bits_write
    at32f403a_407_wk_config.o(i.spiSendReceiveArrays) refers to at32f403a_407_wk_config.o(i.spiSendReceiveByte) for spiSendReceiveByte
    at32f403a_407_wk_config.o(i.spiSendReceiveByte) refers to at32f403a_407_spi.o(i.spi_i2s_flag_get) for spi_i2s_flag_get
    at32f403a_407_wk_config.o(i.spiSendReceiveByte) refers to at32f403a_407_spi.o(i.spi_i2s_data_transmit) for spi_i2s_data_transmit
    at32f403a_407_wk_config.o(i.spiSendReceiveByte) refers to at32f403a_407_spi.o(i.spi_i2s_data_receive) for spi_i2s_data_receive
    at32f403a_407_wk_config.o(i.toggleRESET) refers to at32f403a_407_gpio.o(i.gpio_bits_write) for gpio_bits_write
    at32f403a_407_wk_config.o(i.toggleRESET) refers to at32f403a_407_wk_config.o(i.delay_ms) for delay_ms
    at32f403a_407_wk_config.o(i.toggleRESET) refers to at32f403a_407_wk_config.o(i.delay_us) for delay_us
    at32f403a_407_wk_config.o(i.toggleRESET) refers to ads131m0x.o(i.restoreRegisterDefaults) for restoreRegisterDefaults
    at32f403a_407_wk_config.o(i.toggleRESET) refers to ads131m0x.o(i.writeSingleRegister) for writeSingleRegister
    at32f403a_407_wk_config.o(i.waitForDRDYinterrupt) refers to at32f403a_407_exint.o(i.exint_interrupt_enable) for exint_interrupt_enable
    at32f403a_407_wk_config.o(i.waitForDRDYinterrupt) refers to at32f403a_407_wk_config.o(.data) for flag_nDRDY_INTERRUPT
    at32f403a_407_wk_config.o(i.wk_debug_config) refers to at32f403a_407_gpio.o(i.gpio_pin_remap_config) for gpio_pin_remap_config
    at32f403a_407_wk_config.o(i.wk_exint_config) refers to at32f403a_407_gpio.o(i.gpio_default_para_init) for gpio_default_para_init
    at32f403a_407_wk_config.o(i.wk_exint_config) refers to at32f403a_407_gpio.o(i.gpio_init) for gpio_init
    at32f403a_407_wk_config.o(i.wk_exint_config) refers to at32f403a_407_gpio.o(i.gpio_exint_line_config) for gpio_exint_line_config
    at32f403a_407_wk_config.o(i.wk_exint_config) refers to at32f403a_407_exint.o(i.exint_default_para_init) for exint_default_para_init
    at32f403a_407_wk_config.o(i.wk_exint_config) refers to at32f403a_407_exint.o(i.exint_init) for exint_init
    at32f403a_407_wk_config.o(i.wk_gpio_config) refers to at32f403a_407_gpio.o(i.gpio_default_para_init) for gpio_default_para_init
    at32f403a_407_wk_config.o(i.wk_gpio_config) refers to at32f403a_407_gpio.o(i.gpio_bits_reset) for gpio_bits_reset
    at32f403a_407_wk_config.o(i.wk_gpio_config) refers to at32f403a_407_gpio.o(i.gpio_init) for gpio_init
    at32f403a_407_wk_config.o(i.wk_nvic_config) refers to at32f403a_407_misc.o(i.nvic_priority_group_config) for nvic_priority_group_config
    at32f403a_407_wk_config.o(i.wk_nvic_config) refers to at32f403a_407_misc.o(i.nvic_irq_enable) for nvic_irq_enable
[...]
    Removing at32f403a_407_flash.o(i.flash_slib_state_get), (24 bytes).
    Removing at32f403a_407_flash.o(i.flash_spim_all_erase), (72 bytes).
    Removing at32f403a_407_flash.o(i.flash_spim_encryption_range_set), (12 bytes).
    Removing at32f403a_407_flash.o(i.flash_spim_lock), (24 bytes).
    Removing at32f403a_407_flash.o(i.flash_spim_model_select), (12 bytes).
    Removing at32f403a_407_flash.o(i.flash_spim_operation_status_get), (52 bytes).
    Removing at32f403a_407_flash.o(i.flash_spim_operation_wait_for), (36 bytes).
    Removing at32f403a_407_flash.o(i.flash_spim_unlock), (32 bytes).
    Removing at32f403a_407_flash.o(i.flash_ssb_set), (92 bytes).
    Removing at32f403a_407_flash.o(i.flash_ssb_status_get), (16 bytes).
    Removing at32f403a_407_flash.o(i.flash_unlock), (32 bytes).
    Removing at32f403a_407_flash.o(i.flash_user_system_data_erase), (152 bytes).
    Removing at32f403a_407_flash.o(i.flash_user_system_data_program), (104 bytes).
    Removing at32f403a_407_flash.o(i.flash_word_program), (180 bytes).
    Removing at32f403a_407_flash.o(.constdata), (8 bytes).
    Removing at32f403a_407_gpio.o(.rev16_text), (4 bytes).
    Removing at32f403a_407_gpio.o(.revsh_text), (4 bytes).
    Removing at32f403a_407_gpio.o(.rrx_text), (6 bytes).
    Removing at32f403a_407_gpio.o(i.gpio_bits_set), (4 bytes).
    Removing at32f403a_407_gpio.o(i.gpio_event_output_config), (28 bytes).
    Removing at32f403a_407_gpio.o(i.gpio_event_output_enable), (20 bytes).
    Removing at32f403a_407_gpio.o(i.gpio_input_data_bit_read), (18 bytes).
    Removing at32f403a_407_gpio.o(i.gpio_input_data_read), (8 bytes).
    Removing at32f403a_407_gpio.o(i.gpio_iomux_reset), (24 bytes).
    Removing at32f403a_407_gpio.o(i.gpio_output_data_bit_read), (18 bytes).
    Removing at32f403a_407_gpio.o(i.gpio_output_data_read), (8 bytes).
    Removing at32f403a_407_gpio.o(i.gpio_pin_wp_config), (18 bytes).
    Removing at32f403a_407_gpio.o(i.gpio_pins_huge_driven_config), (18 bytes).
    Removing at32f403a_407_gpio.o(i.gpio_port_write), (4 bytes).
    Removing at32f403a_407_gpio.o(i.gpio_reset), (164 bytes).
    Removing at32f403a_407_misc.o(.rev16_text), (4 bytes).
    Removing at32f403a_407_misc.o(.revsh_text), (4 bytes).
    Removing at32f403a_407_misc.o(.rrx_text), (6 bytes).
    Removing at32f403a_407_misc.o(i.nvic_irq_disable), (44 bytes).
    Removing at32f403a_407_misc.o(i.nvic_lowpower_mode_config), (32 bytes).
    Removing at32f403a_407_misc.o(i.nvic_system_reset), (44 bytes).
    Removing at32f403a_407_misc.o(i.nvic_vector_table_set), (20 bytes).
    Removing at32f403a_407_pwc.o(.rev16_text), (4 bytes).
    Removing at32f403a_407_pwc.o(.revsh_text), (4 bytes).
    Removing at32f403a_407_pwc.o(.rrx_text), (6 bytes).
    Removing at32f403a_407_pwc.o(i.pwc_deep_sleep_mode_enter), (48 bytes).
    Removing at32f403a_407_pwc.o(i.pwc_flag_clear), (48 bytes).
    Removing at32f403a_407_pwc.o(i.pwc_flag_get), (24 bytes).
    Removing at32f403a_407_pwc.o(i.pwc_power_voltage_monitor_enable), (20 bytes).
    Removing at32f403a_407_pwc.o(i.pwc_pvm_level_select), (20 bytes).
    Removing at32f403a_407_pwc.o(i.pwc_reset), (24 bytes).
    Removing at32f403a_407_pwc.o(i.pwc_sleep_mode_enter), (36 bytes).
    Removing at32f403a_407_pwc.o(i.pwc_standby_mode_enter), (56 bytes).
    Removing at32f403a_407_pwc.o(i.pwc_voltage_regulate_set), (20 bytes).
    Removing at32f403a_407_pwc.o(i.pwc_wakeup_pin_enable), (32 bytes).
    Removing at32f403a_407_spi.o(.rev16_text), (4 bytes).
    Removing at32f403a_407_spi.o(.revsh_text), (4 bytes).
    Removing at32f403a_407_spi.o(.rrx_text), (6 bytes).
    Removing at32f403a_407_spi.o(i.i2s_default_para_init), (22 bytes).
    Removing at32f403a_407_spi.o(i.i2s_enable), (10 bytes).
    Removing at32f403a_407_spi.o(i.i2s_init), (554 bytes).
    Removing at32f403a_407_spi.o(i.spi_crc_enable), (10 bytes).
    Removing at32f403a_407_spi.o(i.spi_crc_next_transmit), (14 bytes).
    Removing at32f403a_407_spi.o(i.spi_crc_polynomial_get), (8 bytes).
    Removing at32f403a_407_spi.o(i.spi_crc_polynomial_set), (10 bytes).
    Removing at32f403a_407_spi.o(i.spi_crc_value_get), (18 bytes).
    Removing at32f403a_407_spi.o(i.spi_frame_bit_num_set), (10 bytes).
    Removing at32f403a_407_spi.o(i.spi_half_duplex_direction_set), (10 bytes).
    Removing at32f403a_407_spi.o(i.spi_i2s_dma_receiver_enable), (10 bytes).
    Removing at32f403a_407_spi.o(i.spi_i2s_dma_transmitter_enable), (10 bytes).
    Removing at32f403a_407_spi.o(i.spi_i2s_flag_clear), (48 bytes).
    Removing at32f403a_407_spi.o(i.spi_i2s_interrupt_enable), (18 bytes).
    Removing at32f403a_407_spi.o(i.spi_i2s_reset), (120 bytes).
    Removing at32f403a_407_spi.o(i.spi_software_cs_internal_level_set), (10 bytes).
    Removing at32f403a_407_tmr.o(.rev16_text), (4 bytes).
    Removing at32f403a_407_tmr.o(.revsh_text), (4 bytes).
    Removing at32f403a_407_tmr.o(.rrx_text), (6 bytes).
    Removing at32f403a_407_tmr.o(i.tmr_32_bit_function_enable), (28 bytes).
    Removing at32f403a_407_tmr.o(i.tmr_brkdt_config), (72 bytes).
    Removing at32f403a_407_tmr.o(i.tmr_brkdt_default_para_init), (18 bytes).
    Removing at32f403a_407_tmr.o(i.tmr_channel1_input_select), (10 bytes).
    Removing at32f403a_407_tmr.o(i.tmr_channel_buffer_enable), (10 bytes).
    Removing at32f403a_407_tmr.o(i.tmr_channel_dma_select), (10 bytes).
    Removing at32f403a_407_tmr.o(i.tmr_channel_enable), (96 bytes).
    Removing at32f403a_407_tmr.o(i.tmr_channel_value_get), (46 bytes).
    Removing at32f403a_407_tmr.o(i.tmr_counter_value_get), (6 bytes).
    Removing at32f403a_407_tmr.o(i.tmr_counter_value_set), (4 bytes).
    Removing at32f403a_407_tmr.o(i.tmr_div_value_get), (6 bytes).
    Removing at32f403a_407_tmr.o(i.tmr_div_value_set), (4 bytes).
    Removing at32f403a_407_tmr.o(i.tmr_dma_control_config), (18 bytes).
    Removing at32f403a_407_tmr.o(i.tmr_dma_request_enable), (22 bytes).
    Removing at32f403a_407_tmr.o(i.tmr_encoder_mode_config), (70 bytes).
    Removing at32f403a_407_tmr.o(i.tmr_event_sw_trigger), (8 bytes).
    Removing at32f403a_407_tmr.o(i.tmr_external_clock_config), (28 bytes).
    Removing at32f403a_407_tmr.o(i.tmr_external_clock_mode1_config), (44 bytes).
    Removing at32f403a_407_tmr.o(i.tmr_external_clock_mode2_config), (36 bytes).
    Removing at32f403a_407_tmr.o(i.tmr_flag_clear), (6 bytes).
    Removing at32f403a_407_tmr.o(i.tmr_flag_get), (18 bytes).
    Removing at32f403a_407_tmr.o(i.tmr_force_output_set), (66 bytes).
    Removing at32f403a_407_tmr.o(i.tmr_hall_select), (10 bytes).
    Removing at32f403a_407_tmr.o(i.tmr_input_channel_divider_set), (66 bytes).
    Removing at32f403a_407_tmr.o(i.tmr_input_channel_filter_set), (66 bytes).
    Removing at32f403a_407_tmr.o(i.tmr_input_channel_init), (304 bytes).
    Removing at32f403a_407_tmr.o(i.tmr_input_default_para_init), (16 bytes).
    Removing at32f403a_407_tmr.o(i.tmr_internal_clock_set), (10 bytes).
    Removing at32f403a_407_tmr.o(i.tmr_interrupt_enable), (22 bytes).
    Removing at32f403a_407_tmr.o(i.tmr_one_cycle_mode_enable), (10 bytes).
    Removing at32f403a_407_tmr.o(i.tmr_output_channel_mode_select), (66 bytes).
    Removing at32f403a_407_tmr.o(i.tmr_output_channel_polarity_set), (96 bytes).
    Removing at32f403a_407_tmr.o(i.tmr_output_channel_switch_set), (66 bytes).
    Removing at32f403a_407_tmr.o(i.tmr_output_default_para_init), (18 bytes).
    Removing at32f403a_407_tmr.o(i.tmr_output_enable), (10 bytes).
    Removing at32f403a_407_tmr.o(i.tmr_overflow_event_disable), (10 bytes).
    Removing at32f403a_407_tmr.o(i.tmr_overflow_request_source_set), (10 bytes).
    Removing at32f403a_407_tmr.o(i.tmr_period_value_get), (6 bytes).
    Removing at32f403a_407_tmr.o(i.tmr_period_value_set), (4 bytes).
    Removing at32f403a_407_tmr.o(i.tmr_pwm_input_config), (350 bytes).
    Removing at32f403a_407_tmr.o(i.tmr_repetition_counter_set), (10 bytes).
    Removing at32f403a_407_tmr.o(i.tmr_reset), (416 bytes).
    Removing at32f403a_407_tmr.o(i.tmr_sub_mode_select), (10 bytes).
    Removing at32f403a_407_tmr.o(i.tmr_trigger_input_select), (10 bytes).
    Removing at32f403a_407_usart.o(.rev16_text), (4 bytes).
    Removing at32f403a_407_usart.o(.revsh_text), (4 bytes).
    Removing at32f403a_407_usart.o(.rrx_text), (6 bytes).
    Removing at32f403a_407_usart.o(i.usart_break_bit_num_set), (10 bytes).
    Removing at32f403a_407_usart.o(i.usart_break_send), (12 bytes).
    Removing at32f403a_407_usart.o(i.usart_clock_config), (28 bytes).
    Removing at32f403a_407_usart.o(i.usart_clock_enable), (10 bytes).
    Removing at32f403a_407_usart.o(i.usart_data_receive), (8 bytes).
    Removing at32f403a_407_usart.o(i.usart_data_transmit), (8 bytes).
    Removing at32f403a_407_usart.o(i.usart_dma_receiver_enable), (10 bytes).
    Removing at32f403a_407_usart.o(i.usart_dma_transmitter_enable), (10 bytes).
    Removing at32f403a_407_usart.o(i.usart_flag_clear), (18 bytes).
    Removing at32f403a_407_usart.o(i.usart_flag_get), (16 bytes).
    Removing at32f403a_407_usart.o(i.usart_interrupt_enable), (54 bytes).
    Removing at32f403a_407_usart.o(i.usart_irda_low_power_enable), (10 bytes).
    Removing at32f403a_407_usart.o(i.usart_irda_mode_enable), (10 bytes).
    Removing at32f403a_407_usart.o(i.usart_irda_smartcard_division_set), (10 bytes).
    Removing at32f403a_407_usart.o(i.usart_lin_mode_enable), (10 bytes).
    Removing at32f403a_407_usart.o(i.usart_receiver_mute_enable), (10 bytes).
    Removing at32f403a_407_usart.o(i.usart_reset), (244 bytes).
    Removing at32f403a_407_usart.o(i.usart_single_line_halfduplex_select), (10 bytes).
    Removing at32f403a_407_usart.o(i.usart_smartcard_guard_time_set), (10 bytes).
    Removing at32f403a_407_usart.o(i.usart_smartcard_mode_enable), (10 bytes).
    Removing at32f403a_407_usart.o(i.usart_smartcard_nack_set), (10 bytes).
    Removing at32f403a_407_usart.o(i.usart_wakeup_id_set), (10 bytes).
    Removing at32f403a_407_usart.o(i.usart_wakeup_mode_set), (10 bytes).
    Removing system_at32f403a_407.o(.rev16_text), (4 bytes).
    Removing system_at32f403a_407.o(.revsh_text), (4 bytes).
    Removing system_at32f403a_407.o(.rrx_text), (6 bytes).

231 unused section(s) (total 8978 bytes) removed from the image.

==============================================================================

Image Symbol Table

    Local Symbols

    Symbol Name                              Value     Ov Type        Size  Object(Section)

    ../clib/angel/boardlib.s                 0x00000000   Number         0  boardinit2.o ABSOLUTE
    ../clib/angel/boardlib.s                 0x00000000   Number         0  boardinit1.o ABSOLUTE
    ../clib/angel/boardlib.s                 0x00000000   Number         0  boardshut.o ABSOLUTE
    ../clib/angel/boardlib.s                 0x00000000   Number         0  boardinit3.o ABSOLUTE
    ../clib/angel/handlers.s                 0x00000000   Number         0  __scatter_copy.o ABSOLUTE
    ../clib/angel/handlers.s                 0x00000000   Number         0  __scatter_zi.o ABSOLUTE
    ../clib/angel/kernel.s                   0x00000000   Number         0  __rtentry2.o ABSOLUTE
    ../clib/angel/kernel.s                   0x00000000   Number         0  rtexit2.o ABSOLUTE
    ../clib/angel/kernel.s                   0x00000000   Number         0  __rtentry4.o ABSOLUTE
    ../clib/angel/kernel.s                   0x00000000   Number         0  rtexit.o ABSOLUTE
    ../clib/angel/kernel.s                   0x00000000   Number         0  __rtentry.o ABSOLUTE
    ../clib/angel/rt.s                       0x00000000   Number         0  rt_raise.o ABSOLUTE
    ../clib/angel/scatter.s                  0x00000000   Number         0  __scatter.o ABSOLUTE
    ../clib/angel/startup.s                  0x00000000   Number         0  __main.o ABSOLUTE
    ../clib/angel/sys.s                      0x00000000   Number         0  use_no_semi.o ABSOLUTE
    ../clib/angel/sys.s                      0x00000000   Number         0  sys_stackheap_outer.o ABSOLUTE
    ../clib/angel/sys.s                      0x00000000   Number         0  libspace.o ABSOLUTE
    ../clib/angel/sys.s                      0x00000000   Number         0  indicate_semi.o ABSOLUTE
    ../clib/angel/sysapp.c                   0x00000000   Number         0  sys_wrch.o ABSOLUTE
    ../clib/angel/sysapp.c                   0x00000000   Number         0  sys_exit.o ABSOLUTE
    ../clib/angel/sysapp.c                   0x00000000   Number         0  sys_command.o ABSOLUTE
    ../clib/armsys.c                         0x00000000   Number         0  _get_argv_nomalloc.o ABSOLUTE
    ../clib/armsys.c                         0x00000000   Number         0  no_argv.o ABSOLUTE
    ../clib/armsys.c                         0x00000000   Number         0  argv_veneer.o ABSOLUTE
    ../clib/armsys.c                         0x00000000   Number         0  argv_veneer.o ABSOLUTE
    ../clib/assert.c                         0x00000000   Number         0  assert.o ABSOLUTE
    ../clib/assert.c                         0x00000000   Number         0  assert_puts.o ABSOLUTE
    ../clib/heapalloc.c                      0x00000000   Number         0  hrguard.o ABSOLUTE
    ../clib/heapaux.c                        0x00000000   Number         0  heapauxi.o ABSOLUTE
    ../clib/libinit.s                        0x00000000   Number         0  libinit.o ABSOLUTE
    ../clib/libinit.s                        0x00000000   Number         0  libshutdown2.o ABSOLUTE
    ../clib/libinit.s                        0x00000000   Number         0  libinit2.o ABSOLUTE
    ../clib/libinit.s                        0x00000000   Number         0  libshutdown.o ABSOLUTE
    ../clib/signal.c                         0x00000000   Number         0  defsig_exit.o ABSOLUTE
    ../clib/signal.c                         0x00000000   Number         0  defsig_rtmem_formal.o ABSOLUTE
    ../clib/signal.c                         0x00000000   Number         0  defsig_rtmem_outer.o ABSOLUTE
    ../clib/signal.c                         0x00000000   Number         0  defsig_rtmem_inner.o ABSOLUTE
    ../clib/signal.c                         0x00000000   Number         0  defsig_other.o ABSOLUTE
    ../clib/signal.c                         0x00000000   Number         0  defsig_abrt_inner.o ABSOLUTE
    ../clib/signal.c                         0x00000000   Number         0  defsig_general.o ABSOLUTE
    ../clib/signal.c                         0x00000000   Number         0  defsig_segv_inner.o ABSOLUTE
    ../clib/signal.c                         0x00000000   Number         0  defsig_cppl_inner.o ABSOLUTE
    ../clib/signal.c                         0x00000000   Number         0  defsig_pvfn_inner.o ABSOLUTE
    ../clib/signal.c                         0x00000000   Number         0  defsig_stak_inner.o ABSOLUTE
    ../clib/signal.c                         0x00000000   Number         0  __raise.o ABSOLUTE
    ../clib/signal.c                         0x00000000   Number         0  defsig_rtred_inner.o ABSOLUTE
    ../clib/signal.c                         0x00000000   Number         0  defsig_fpe_inner.o ABSOLUTE
    ../clib/signal.c                         0x00000000   Number         0  defsig_abrt_formal.o ABSOLUTE
    ../clib/signal.c                         0x00000000   Number         0  defsig_abrt_outer.o ABSOLUTE
    ../clib/signal.s                         0x00000000   Number         0  defsig.o ABSOLUTE
    ../clib/stdlib.c                         0x00000000   Number         0  abort.o ABSOLUTE
    ../clib/stdlib.c                         0x00000000   Number         0  exit.o ABSOLUTE
    ../fplib/fpinit.s                        0x00000000   Number         0  fpinit.o ABSOLUTE
    ..\..\libraries\cmsis\cm4\device_support\system_at32f403a_407.c 0x00000000   Number         0  system_at32f403a_407.o ABSOLUTE
    ..\..\libraries\drivers\src\at32f403a_407_crm.c 0x00000000   Number         0  at32f403a_407_crm.o ABSOLUTE
    ..\..\libraries\drivers\src\at32f403a_407_debug.c 0x00000000   Number         0  at32f403a_407_debug.o ABSOLUTE
    ..\..\libraries\drivers\src\at32f403a_407_exint.c 0x00000000   Number         0  at32f403a_407_exint.o ABSOLUTE
    ..\..\libraries\drivers\src\at32f403a_407_flash.c 0x00000000   Number         0  at32f403a_407_flash.o ABSOLUTE
    ..\..\libraries\drivers\src\at32f403a_407_gpio.c 0x00000000   Number         0  at32f403a_407_gpio.o ABSOLUTE
    ..\..\libraries\drivers\src\at32f403a_407_misc.c 0x00000000   Number         0  at32f403a_407_misc.o ABSOLUTE
    ..\..\libraries\drivers\src\at32f403a_407_pwc.c 0x00000000   Number         0  at32f403a_407_pwc.o ABSOLUTE
    ..\..\libraries\drivers\src\at32f403a_407_spi.c 0x00000000   Number         0  at32f403a_407_spi.o ABSOLUTE
    ..\..\libraries\drivers\src\at32f403a_407_tmr.c 0x00000000   Number         0  at32f403a_407_tmr.o ABSOLUTE
    ..\..\libraries\drivers\src\at32f403a_407_usart.c 0x00000000   Number         0  at32f403a_407_usart.o ABSOLUTE
    ..\\..\\libraries\\cmsis\\cm4\\device_support\\system_at32f403a_407.c 0x00000000   Number         0  system_at32f403a_407.o ABSOLUTE
    ..\\..\\libraries\\drivers\\src\\at32f403a_407_crm.c 0x00000000   Number         0  at32f403a_407_crm.o ABSOLUTE
    ..\\..\\libraries\\drivers\\src\\at32f403a_407_debug.c 0x00000000   Number         0  at32f403a_407_debug.o ABSOLUTE
    ..\\..\\libraries\\drivers\\src\\at32f403a_407_exint.c 0x00000000   Number         0  at32f403a_407_exint.o ABSOLUTE
    ..\\..\\libraries\\drivers\\src\\at32f403a_407_flash.c 0x00000000   Number         0  at32f403a_407_flash.o ABSOLUTE
    ..\\..\\libraries\\drivers\\src\\at32f403a_407_gpio.c 0x00000000   Number         0  at32f403a_407_gpio.o ABSOLUTE
    ..\\..\\libraries\\drivers\\src\\at32f403a_407_misc.c 0x00000000   Number         0  at32f403a_407_misc.o ABSOLUTE
    ..\\..\\libraries\\drivers\\src\\at32f403a_407_pwc.c 0x00000000   Number         0  at32f403a_407_pwc.o ABSOLUTE
    ..\\..\\libraries\\drivers\\src\\at32f403a_407_spi.c 0x00000000   Number         0  at32f403a_407_spi.o ABSOLUTE
    ..\\..\\libraries\\drivers\\src\\at32f403a_407_tmr.c 0x00000000   Number         0  at32f403a_407_tmr.o ABSOLUTE
    ..\\..\\libraries\\drivers\\src\\at32f403a_407_usart.c 0x00000000   Number         0  at32f403a_407_usart.o ABSOLUTE
    ..\\src\\ads131m0x.c                     0x00000000   Number         0  ads131m0x.o ABSOLUTE
    ..\\src\\at32f403a_407_int.c             0x00000000   Number         0  at32f403a_407_int.o ABSOLUTE
    ..\\src\\at32f403a_407_wk_config.c       0x00000000   Number         0  at32f403a_407_wk_config.o ABSOLUTE
    ..\\src\\main.c                          0x00000000   Number         0  main.o ABSOLUTE
    ..\src\ads131m0x.c                       0x00000000   Number         0  ads131m0x.o ABSOLUTE
    ..\src\at32f403a_407_int.c               0x00000000   Number         0  at32f403a_407_int.o ABSOLUTE
    ..\src\at32f403a_407_wk_config.c         0x00000000   Number         0  at32f403a_407_wk_config.o ABSOLUTE
    ..\src\main.c                            0x00000000   Number         0  main.o ABSOLUTE
    dc.s                                     0x00000000   Number         0  dc.o ABSOLUTE
    startup_at32f403a_407.s                  0x00000000   Number         0  startup_at32f403a_407.o ABSOLUTE
    RESET                                    0x08000000   Section      388  startup_at32f403a_407.o(RESET)
    !!!main                                  0x08000184   Section        8  __main.o(!!!main)
    !!!scatter                               0x0800018c   Section       52  __scatter.o(!!!scatter)
    !!handler_copy                           0x080001c0   Section       26  __scatter_copy.o(!!handler_copy)
    !!handler_zi                             0x080001dc   Section       28  __scatter_zi.o(!!handler_zi)
    .ARM.Collect$$libinit$$00000000          0x080001f8   Section        2  libinit.o(.ARM.Collect$$libinit$$00000000)
    .ARM.Collect$$libinit$$00000001          0x080001fa   Section        4  libinit2.o(.ARM.Collect$$libinit$$00000001)
    .ARM.Collect$$libinit$$00000004          0x080001fe   Section        0  libinit2.o(.ARM.Collect$$libinit$$00000004)
    .ARM.Collect$$libinit$$0000000A          0x080001fe   Section        0  libinit2.o(.ARM.Collect$$libinit$$0000000A)
    .ARM.Collect$$libinit$$0000000C          0x080001fe   Section        0  libinit2.o(.ARM.Collect$$libinit$$0000000C)
    .ARM.Collect$$libinit$$0000000E          0x080001fe   Section        0  libinit2.o(.ARM.Collect$$libinit$$0000000E)
    .ARM.Collect$$libinit$$00000011          0x080001fe   Section        0  libinit2.o(.ARM.Collect$$libinit$$00000011)
    .ARM.Collect$$libinit$$00000013          0x080001fe   Section        0  libinit2.o(.ARM.Collect$$libinit$$00000013)
    .ARM.Collect$$libinit$$00000015          0x080001fe   Section        0  libinit2.o(.ARM.Collect$$libinit$$00000015)
    .ARM.Collect$$libinit$$00000017          0x080001fe   Section        0  libinit2.o(.ARM.Collect$$libinit$$00000017)
    .ARM.Collect$$libinit$$00000019          0x080001fe   Section        0  libinit2.o(.ARM.Collect$$libinit$$00000019)
    .ARM.Collect$$libinit$$0000001B          0x080001fe   Section        0  libinit2.o(.ARM.Collect$$libinit$$0000001B)
    .ARM.Collect$$libinit$$0000001D          0x080001fe   Section        0  libinit2.o(.ARM.Collect$$libinit$$0000001D)
    .ARM.Collect$$libinit$$0000001F          0x080001fe   Section        0  libinit2.o(.ARM.Collect$$libinit$$0000001F)
    .ARM.Collect$$libinit$$00000021          0x080001fe   Section        0  libinit2.o(.ARM.Collect$$libinit$$00000021)
    .ARM.Collect$$libinit$$00000023          0x080001fe   Section        0  libinit2.o(.ARM.Collect$$libinit$$00000023)
    .ARM.Collect$$libinit$$00000025          0x080001fe   Section        0  libinit2.o(.ARM.Collect$$libinit$$00000025)
    .ARM.Collect$$libinit$$0000002C          0x080001fe   Section        0  libinit2.o(.ARM.Collect$$libinit$$0000002C)
    .ARM.Collect$$libinit$$0000002E          0x080001fe   Section        0  libinit2.o(.ARM.Collect$$libinit$$0000002E)
    .ARM.Collect$$libinit$$00000030          0x080001fe   Section        0  libinit2.o(.ARM.Collect$$libinit$$00000030)
    .ARM.Collect$$libinit$$00000032          0x080001fe   Section        0  libinit2.o(.ARM.Collect$$libinit$$00000032)
    .ARM.Collect$$libinit$$00000033          0x080001fe   Section        2  libinit2.o(.ARM.Collect$$libinit$$00000033)
    .ARM.Collect$$libshutdown$$00000000      0x08000200   Section        2  libshutdown.o(.ARM.Collect$$libshutdown$$00000000)
    .ARM.Collect$$libshutdown$$00000002      0x08000202   Section        0  libshutdown2.o(.ARM.Collect$$libshutdown$$00000002)
    .ARM.Collect$$libshutdown$$00000004      0x08000202   Section        0  libshutdown2.o(.ARM.Collect$$libshutdown$$00000004)
    .ARM.Collect$$libshutdown$$00000007      0x08000202   Section        0  libshutdown2.o(.ARM.Collect$$libshutdown$$00000007)
    .ARM.Collect$$libshutdown$$0000000A      0x08000202   Section        0  libshutdown2.o(.ARM.Collect$$libshutdown$$0000000A)
    .ARM.Collect$$libshutdown$$0000000C      0x08000202   Section        0  libshutdown2.o(.ARM.Collect$$libshutdown$$0000000C)
    .ARM.Collect$$libshutdown$$0000000F      0x08000202   Section        0  libshutdown2.o(.ARM.Collect$$libshutdown$$0000000F)
    .ARM.Collect$$libshutdown$$00000010      0x08000202   Section        2  libshutdown2.o(.ARM.Collect$$libshutdown$$00000010)
    .ARM.Collect$$rtentry$$00000000          0x08000204   Section        0  __rtentry.o(.ARM.Collect$$rtentry$$00000000)
    .ARM.Collect$$rtentry$$00000002          0x08000204   Section        0  __rtentry2.o(.ARM.Collect$$rtentry$$00000002)
    .ARM.Collect$$rtentry$$00000004          0x08000204   Section        6  __rtentry4.o(.ARM.Collect$$rtentry$$00000004)
    .ARM.Collect$$rtentry$$00000009          0x0800020a   Section        0  __rtentry2.o(.ARM.Collect$$rtentry$$00000009)
    .ARM.Collect$$rtentry$$0000000A          0x0800020a   Section        4  __rtentry2.o(.ARM.Collect$$rtentry$$0000000A)
    .ARM.Collect$$rtentry$$0000000C          0x0800020e   Section        0  __rtentry2.o(.ARM.Collect$$rtentry$$0000000C)
    .ARM.Collect$$rtentry$$0000000D          0x0800020e   Section        8  __rtentry2.o(.ARM.Collect$$rtentry$$0000000D)
    .ARM.Collect$$rtexit$$00000000           0x08000216   Section        2  rtexit.o(.ARM.Collect$$rtexit$$00000000)
    .ARM.Collect$$rtexit$$00000002           0x08000218   Section        0  rtexit2.o(.ARM.Collect$$rtexit$$00000002)
    .ARM.Collect$$rtexit$$00000003           0x08000218   Section        4  rtexit2.o(.ARM.Collect$$rtexit$$00000003)
    .ARM.Collect$$rtexit$$00000004           0x0800021c   Section        6  rtexit2.o(.ARM.Collect$$rtexit$$00000004)
    .text                                    0x08000224   Section       64  startup_at32f403a_407.o(.text)
    $v0                                      0x08000224   Number         0  startup_at32f403a_407.o(.text)
    .text                                    0x08000264   Section        0  assert.o(.text)
    .text                                    0x080002e4   Section        0  heapauxi.o(.text)
    .text                                    0x080002ea   Section        0  abort.o(.text)
    .text                                    0x08000300   Section        0  assert_puts.o(.text)
    .text                                    0x08000314   Section        0  sys_wrch.o(.text)
    .text                                    0x08000324   Section        0  sys_exit.o(.text)
    .text                                    0x08000330   Section        0  defsig_abrt_outer.o(.text)
    .text                                    0x0800033e   Section        2  use_no_semi.o(.text)
    .text                                    0x08000340   Section        0  indicate_semi.o(.text)
    .text                                    0x08000340   Section       74  sys_stackheap_outer.o(.text)
    .text                                    0x0800038a   Section        0  exit.o(.text)
    .text                                    0x0800039c   Section        0  defsig_exit.o(.text)
    .text                                    0x080003a8   Section        0  defsig_abrt_inner.o(.text)
    .text                                    0x080003d8   Section        8  libspace.o(.text)
    .text                                    0x080003e0   Section        0  defsig_general.o(.text)
    i.BusFault_Handler                       0x08000412   Section        0  at32f403a_407_int.o(i.BusFault_Handler)
    i.DebugMon_Handler                       0x08000416   Section        0  at32f403a_407_int.o(i.DebugMon_Handler)
    i.EXINT0_IRQHandler                      0x08000418   Section        0  at32f403a_407_int.o(i.EXINT0_IRQHandler)
    i.HardFault_Handler                      0x08000434   Section        0  at32f403a_407_int.o(i.HardFault_Handler)
    i.MemManage_Handler                      0x08000438   Section        0  at32f403a_407_int.o(i.MemManage_Handler)
    i.NMI_Handler                            0x0800043c   Section        0  at32f403a_407_int.o(i.NMI_Handler)
    i.PendSV_Handler                         0x0800043e   Section        0  at32f403a_407_int.o(i.PendSV_Handler)
    i.SVC_Handler                            0x08000440   Section        0  at32f403a_407_int.o(i.SVC_Handler)
    i.SystemInit                             0x08000444   Section        0  system_at32f403a_407.o(i.SystemInit)
    i.UsageFault_Handler                     0x080004b4   Section        0  at32f403a_407_int.o(i.UsageFault_Handler)
    i.adcStartup                             0x080004b8   Section        0  ads131m0x.o(i.adcStartup)
    i.buildSPIarray                          0x080004f4   Section        0  ads131m0x.o(i.buildSPIarray)
    i.combineBytes                           0x0800054e   Section        0  ads131m0x.o(i.combineBytes)
    i.crm_ahb_div_set                        0x08000558   Section        0  at32f403a_407_crm.o(i.crm_ahb_div_set)
    i.crm_apb1_div_set                       0x0800056c   Section        0  at32f403a_407_crm.o(i.crm_apb1_div_set)
    i.crm_apb2_div_set                       0x08000580   Section        0  at32f403a_407_crm.o(i.crm_apb2_div_set)
    i.crm_auto_step_mode_enable              0x08000594   Section        0  at32f403a_407_crm.o(i.crm_auto_step_mode_enable)
    i.crm_clock_source_enable                0x080005bc   Section        0  at32f403a_407_crm.o(i.crm_clock_source_enable)
    i.crm_clocks_freq_get                    0x0800061c   Section        0  at32f403a_407_crm.o(i.crm_clocks_freq_get)
    i.crm_flag_get                           0x08000748   Section        0  at32f403a_407_crm.o(i.crm_flag_get)
    i.crm_hext_stable_wait                   0x08000778   Section        0  at32f403a_407_crm.o(i.crm_hext_stable_wait)
    i.crm_periph_clock_enable                0x080007a8   Section        0  at32f403a_407_crm.o(i.crm_periph_clock_enable)
    i.crm_pll_config                         0x080007ec   Section        0  at32f403a_407_crm.o(i.crm_pll_config)
    i.crm_reset                              0x08000868   Section        0  at32f403a_407_crm.o(i.crm_reset)
    i.crm_sysclk_switch                      0x080008c0   Section        0  at32f403a_407_crm.o(i.crm_sysclk_switch)
    i.crm_sysclk_switch_status_get           0x080008d4   Section        0  at32f403a_407_crm.o(i.crm_sysclk_switch_status_get)
    i.delay_init                             0x080008e4   Section        0  at32f403a_407_wk_config.o(i.delay_init)
    i.delay_ms                               0x0800091c   Section        0  at32f403a_407_wk_config.o(i.delay_ms)
    i.delay_us                               0x08000990   Section        0  at32f403a_407_wk_config.o(i.delay_us)
    i.enforce_selected_device_modes          0x080009e0   Section        0  ads131m0x.o(i.enforce_selected_device_modes)
    i.exint_default_para_init                0x080009f8   Section        0  at32f403a_407_exint.o(i.exint_default_para_init)
    i.exint_flag_clear                       0x08000a08   Section        0  at32f403a_407_exint.o(i.exint_flag_clear)
    i.exint_flag_get                         0x08000a28   Section        0  at32f403a_407_exint.o(i.exint_flag_get)
    i.exint_init                             0x08000a44   Section        0  at32f403a_407_exint.o(i.exint_init)
    i.exint_interrupt_enable                 0x08000adc   Section        0  at32f403a_407_exint.o(i.exint_interrupt_enable)
    i.getRegisterValue                       0x08000afc   Section        0  ads131m0x.o(i.getRegisterValue)
    i.getWordByteLength                      0x08000b48   Section        0  ads131m0x.o(i.getWordByteLength)
    i.gpio_bits_reset                        0x08000b60   Section        0  at32f403a_407_gpio.o(i.gpio_bits_reset)
    i.gpio_bits_write                        0x08000b64   Section        0  at32f403a_407_gpio.o(i.gpio_bits_write)
    i.gpio_default_para_init                 0x08000b6e   Section        0  at32f403a_407_gpio.o(i.gpio_default_para_init)
    i.gpio_exint_line_config                 0x08000b84   Section        0  at32f403a_407_gpio.o(i.gpio_exint_line_config)
    i.gpio_init                              0x08000c28   Section        0  at32f403a_407_gpio.o(i.gpio_init)
    i.gpio_pin_remap_config                  0x08000cd0   Section        0  at32f403a_407_gpio.o(i.gpio_pin_remap_config)
    i.lowerByte                              0x08000d1c   Section        0  ads131m0x.o(i.lowerByte)
    i.main                                   0x08000d24   Section        0  main.o(i.main)
    i.nvic_irq_enable                        0x08000d68   Section        0  at32f403a_407_misc.o(i.nvic_irq_enable)
    i.nvic_priority_group_config             0x08000e30   Section        0  at32f403a_407_misc.o(i.nvic_priority_group_config)
    i.pwc_battery_powered_domain_access      0x08000e58   Section        0  at32f403a_407_pwc.o(i.pwc_battery_powered_domain_access)
    i.readData                               0x08000e6c   Section        0  ads131m0x.o(i.readData)
    i.readSingleRegister                     0x08000f5c   Section        0  ads131m0x.o(i.readSingleRegister)
    i.restoreRegisterDefaults                0x08000fdc   Section        0  ads131m0x.o(i.restoreRegisterDefaults)
    i.sendCommand                            0x08001054   Section        0  ads131m0x.o(i.sendCommand)
    i.signExtend                             0x080011b4   Section        0  ads131m0x.o(i.signExtend)
    i.spiSendReceiveArrays                   0x080011d0   Section        0  at32f403a_407_wk_config.o(i.spiSendReceiveArrays)
    i.spiSendReceiveByte                     0x08001250   Section        0  at32f403a_407_wk_config.o(i.spiSendReceiveByte)
    i.spi_default_para_init                  0x08001288   Section        0  at32f403a_407_spi.o(i.spi_default_para_init)
    i.spi_enable                             0x0800129e   Section        0  at32f403a_407_spi.o(i.spi_enable)
    i.spi_hardware_cs_output_enable          0x080012a8   Section        0  at32f403a_407_spi.o(i.spi_hardware_cs_output_enable)
    i.spi_i2s_data_receive                   0x080012b2   Section        0  at32f403a_407_spi.o(i.spi_i2s_data_receive)
    i.spi_i2s_data_transmit                  0x080012ba   Section        0  at32f403a_407_spi.o(i.spi_i2s_data_transmit)
    i.spi_i2s_flag_get                       0x080012be   Section        0  at32f403a_407_spi.o(i.spi_i2s_flag_get)
    i.spi_init                               0x080012ce   Section        0  at32f403a_407_spi.o(i.spi_init)
    i.system_core_clock_update               0x080013f4   Section        0  system_at32f403a_407.o(i.system_core_clock_update)
    i.systick_clock_source_config            0x080014ec   Section        0  at32f403a_407_misc.o(i.systick_clock_source_config)
    i.tmr_base_init                          0x08001514   Section        0  at32f403a_407_tmr.o(i.tmr_base_init)
    i.tmr_channel_value_set                  0x08001524   Section        0  at32f403a_407_tmr.o(i.tmr_channel_value_set)
    i.tmr_clock_source_div_set               0x0800154c   Section        0  at32f403a_407_tmr.o(i.tmr_clock_source_div_set)
    i.tmr_cnt_dir_set                        0x08001556   Section        0  at32f403a_407_tmr.o(i.tmr_cnt_dir_set)
    i.tmr_counter_enable                     0x08001560   Section        0  at32f403a_407_tmr.o(i.tmr_counter_enable)
    i.tmr_output_channel_buffer_enable       0x0800156a   Section        0  at32f403a_407_tmr.o(i.tmr_output_channel_buffer_enable)
    i.tmr_output_channel_config              0x080015ac   Section        0  at32f403a_407_tmr.o(i.tmr_output_channel_config)
    i.tmr_output_channel_immediately_set     0x0800174c   Section        0  at32f403a_407_tmr.o(i.tmr_output_channel_immediately_set)
    i.tmr_period_buffer_enable               0x0800178e   Section        0  at32f403a_407_tmr.o(i.tmr_period_buffer_enable)
    i.tmr_primary_mode_select                0x08001798   Section        0  at32f403a_407_tmr.o(i.tmr_primary_mode_select)
    i.tmr_sub_sync_mode_set                  0x080017a2   Section        0  at32f403a_407_tmr.o(i.tmr_sub_sync_mode_set)
    i.toggleRESET                            0x080017ac   Section        0  at32f403a_407_wk_config.o(i.toggleRESET)
    i.upperByte                              0x080017e4   Section        0  ads131m0x.o(i.upperByte)
    i.usart_enable                           0x080017ea   Section        0  at32f403a_407_usart.o(i.usart_enable)
    i.usart_hardware_flow_control_set        0x080017f4   Section        0  at32f403a_407_usart.o(i.usart_hardware_flow_control_set)
    i.usart_init                             0x0800185c   Section        0  at32f403a_407_usart.o(i.usart_init)
    i.usart_parity_selection_config          0x080018e4   Section        0  at32f403a_407_usart.o(i.usart_parity_selection_config)
    i.usart_receiver_enable                  0x08001930   Section        0  at32f403a_407_usart.o(i.usart_receiver_enable)
    i.usart_transmitter_enable               0x0800193a   Section        0  at32f403a_407_usart.o(i.usart_transmitter_enable)
    i.waitForDRDYinterrupt                   0x08001944   Section        0  at32f403a_407_wk_config.o(i.waitForDRDYinterrupt)
    i.wk_debug_config                        0x08001980   Section        0  at32f403a_407_wk_config.o(i.wk_debug_config)
    i.wk_exint_config                        0x08001990   Section        0  at32f403a_407_wk_config.o(i.wk_exint_config)
    i.wk_gpio_config                         0x080019e4   Section        0  at32f403a_407_wk_config.o(i.wk_gpio_config)
    i.wk_nvic_config                         0x08001a1c   Section        0  at32f403a_407_wk_config.o(i.wk_nvic_config)
    i.wk_periph_clock_config                 0x08001a30   Section        0  at32f403a_407_wk_config.o(i.wk_periph_clock_config)
    i.wk_spi1_init                           0x08001a7c   Section        0  at32f403a_407_wk_config.o(i.wk_spi1_init)
    i.wk_system_clock_config                 0x08001b60   Section        0  at32f403a_407_wk_config.o(i.wk_system_clock_config)
    i.wk_tmr2_init                           0x08001c38   Section        0  at32f403a_407_wk_config.o(i.wk_tmr2_init)
    i.wk_usart1_init                         0x08001cf8   Section        0  at32f403a_407_wk_config.o(i.wk_usart1_init)
    i.writeSingleRegister                    0x08001d88   Section        0  ads131m0x.o(i.writeSingleRegister)
    x$fpl$fpinit                             0x08001e1c   Section       10  fpinit.o(x$fpl$fpinit)
    $v0                                      0x08001e1c   Number         0  fpinit.o(x$fpl$fpinit)
    .constdata                               0x08001e26   Section        4  ads131m0x.o(.constdata)
    wlength_byte_values                      0x08001e26   Data           4  ads131m0x.o(.constdata)
    .constdata                               0x08001e2a   Section       40  at32f403a_407_crm.o(.constdata)
    sclk_ahb_div_table                       0x08001e2a   Data          16  at32f403a_407_crm.o(.constdata)
    ahb_apb1_div_table                       0x08001e3a   Data           8  at32f403a_407_crm.o(.constdata)
    ahb_apb2_div_table                       0x08001e42   Data           8  at32f403a_407_crm.o(.constdata)
    adc_div_table                            0x08001e4a   Data           8  at32f403a_407_crm.o(.constdata)
    .constdata                               0x08001e52   Section       16  system_at32f403a_407.o(.constdata)
    sys_ahb_div_table                        0x08001e52   Data          16  system_at32f403a_407.o(.constdata)
    .data                                    0x20000000   Section        9  at32f403a_407_wk_config.o(.data)
    fac_us                                   0x20000000   Data           4  at32f403a_407_wk_config.o(.data)
    fac_ms                                   0x20000004   Data           4  at32f403a_407_wk_config.o(.data)
    .data                                    0x2000000c   Section        4  system_at32f403a_407.o(.data)
    .bss                                     0x20000010   Section       20  main.o(.bss)
    .bss                                     0x20000024   Section      128  ads131m0x.o(.bss)
    registerMap                              0x20000024   Data         128  ads131m0x.o(.bss)
    .bss                                     0x200000a4   Section       96  libspace.o(.bss)
    HEAP                                     0x20000108   Section      512  startup_at32f403a_407.o(HEAP)
    Heap_Mem                                 0x20000108   Data         512  startup_at32f403a_407.o(HEAP)
    STACK                                    0x20000308   Section     1024  startup_at32f403a_407.o(STACK)
    Stack_Mem                                0x20000308   Data        1024  startup_at32f403a_407.o(STACK)
    __initial_sp                             0x20000708   Data           0  startup_at32f403a_407.o(STACK)

    Global Symbols

    Symbol Name                              Value     Ov Type        Size  Object(Section)

    BuildAttributes$$THM_ISAv4$E$P$D$K$B$S$7EM$VFPi3$EXTD16$VFPS$VFMA$PE$A:L22UL41UL21$X:L11$S22US41US21$IEEE1$IW$USESV6$~STKCKD$USESV7$~SHL$OSPACE$ROPI$EBA8$UX$STANDARDLIB$REQ8$PRES8$EABIv2 0x00000000   Number         0  anon$$obj.o ABSOLUTE
    __ARM_use_no_argv                        0x00000000   Number         0  main.o ABSOLUTE
    __ARM_exceptions_init                     - Undefined Weak Reference
    __alloca_initialize                       - Undefined Weak Reference
    __arm_preinit_                            - Undefined Weak Reference
    __cpp_initialize__aeabi_                  - Undefined Weak Reference
    __cxa_finalize                            - Undefined Weak Reference
    __rt_locale                               - Undefined Weak Reference
    __sigvec_lookup                           - Undefined Weak Reference
    _atexit_init                              - Undefined Weak Reference
    _call_atexit_fns                          - Undefined Weak Reference
    _clock_init                               - Undefined Weak Reference
    _fp_trap_init                             - Undefined Weak Reference
    _fp_trap_shutdown                         - Undefined Weak Reference
    _get_lc_collate                           - Undefined Weak Reference
    _get_lc_ctype                             - Undefined Weak Reference
    _get_lc_monetary                          - Undefined Weak Reference
    _get_lc_numeric                           - Undefined Weak Reference
    _get_lc_time                              - Undefined Weak Reference
    _getenv_init                              - Undefined Weak Reference
    _handle_redirection                       - Undefined Weak Reference
    _init_alloc                               - Undefined Weak Reference
    _init_user_alloc                          - Undefined Weak Reference
    _initio                                   - Undefined Weak Reference
    _rand_init                                - Undefined Weak Reference
    _signal_finish                            - Undefined Weak Reference
    _signal_init                              - Undefined Weak Reference
    _terminate_alloc                          - Undefined Weak Reference
    _terminate_user_alloc                     - Undefined Weak Reference
    _terminateio                              - Undefined Weak Reference
    __Vectors_Size                           0x00000184   Number         0  startup_at32f403a_407.o ABSOLUTE
    __Vectors                                0x08000000   Data           4  startup_at32f403a_407.o(RESET)
    __Vectors_End                            0x08000184   Data           0  startup_at32f403a_407.o(RESET)
    __main                                   0x08000185   Thumb Code     8  __main.o(!!!main)
    __scatterload                            0x0800018d   Thumb Code     0  __scatter.o(!!!scatter)
    __scatterload_rt2                        0x0800018d   Thumb Code    44  __scatter.o(!!!scatter)
    __scatterload_rt2_thumb_only             0x0800018d   Thumb Code     0  __scatter.o(!!!scatter)
    __scatterload_null                       0x0800019b   Thumb Code     0  __scatter.o(!!!scatter)
    __scatterload_copy                       0x080001c1   Thumb Code    26  __scatter_copy.o(!!handler_copy)
    __scatterload_zeroinit                   0x080001dd   Thumb Code    28  __scatter_zi.o(!!handler_zi)
    __rt_lib_init                            0x080001f9   Thumb Code     0  libinit.o(.ARM.Collect$$libinit$$00000000)
    __rt_lib_init_fp_1                       0x080001fb   Thumb Code     0  libinit2.o(.ARM.Collect$$libinit$$00000001)
    __rt_lib_init_alloca_1                   0x080001ff   Thumb Code     0  libinit2.o(.ARM.Collect$$libinit$$0000002E)
    __rt_lib_init_argv_1                     0x080001ff   Thumb Code     0  libinit2.o(.ARM.Collect$$libinit$$0000002C)
    __rt_lib_init_atexit_1                   0x080001ff   Thumb Code     0  libinit2.o(.ARM.Collect$$libinit$$0000001B)
    __rt_lib_init_clock_1                    0x080001ff   Thumb Code     0  libinit2.o(.ARM.Collect$$libinit$$00000021)
    __rt_lib_init_cpp_1                      0x080001ff   Thumb Code     0  libinit2.o(.ARM.Collect$$libinit$$00000032)
    __rt_lib_init_exceptions_1               0x080001ff   Thumb Code     0  libinit2.o(.ARM.Collect$$libinit$$00000030)
    __rt_lib_init_fp_trap_1                  0x080001ff   Thumb Code     0  libinit2.o(.ARM.Collect$$libinit$$0000001F)
    __rt_lib_init_getenv_1                   0x080001ff   Thumb Code     0  libinit2.o(.ARM.Collect$$libinit$$00000023)
    __rt_lib_init_heap_1                     0x080001ff   Thumb Code     0  libinit2.o(.ARM.Collect$$libinit$$0000000A)
    __rt_lib_init_lc_collate_1               0x080001ff   Thumb Code     0  libinit2.o(.ARM.Collect$$libinit$$00000011)
    __rt_lib_init_lc_ctype_1                 0x080001ff   Thumb Code     0  libinit2.o(.ARM.Collect$$libinit$$00000013)
    __rt_lib_init_lc_monetary_1              0x080001ff   Thumb Code     0  libinit2.o(.ARM.Collect$$libinit$$00000015)
    __rt_lib_init_lc_numeric_1               0x080001ff   Thumb Code     0  libinit2.o(.ARM.Collect$$libinit$$00000017)
    __rt_lib_init_lc_time_1                  0x080001ff   Thumb Code     0  libinit2.o(.ARM.Collect$$libinit$$00000019)
    __rt_lib_init_preinit_1                  0x080001ff   Thumb Code     0  libinit2.o(.ARM.Collect$$libinit$$00000004)
    __rt_lib_init_rand_1                     0x080001ff   Thumb Code     0  libinit2.o(.ARM.Collect$$libinit$$0000000E)
    __rt_lib_init_return                     0x080001ff   Thumb Code     0  libinit2.o(.ARM.Collect$$libinit$$00000033)
    __rt_lib_init_signal_1                   0x080001ff   Thumb Code     0  libinit2.o(.ARM.Collect$$libinit$$0000001D)
    __rt_lib_init_stdio_1                    0x080001ff   Thumb Code     0  libinit2.o(.ARM.Collect$$libinit$$00000025)
    __rt_lib_init_user_alloc_1               0x080001ff   Thumb Code     0  libinit2.o(.ARM.Collect$$libinit$$0000000C)
    __rt_lib_shutdown                        0x08000201   Thumb Code     0  libshutdown.o(.ARM.Collect$$libshutdown$$00000000)
    __rt_lib_shutdown_cpp_1                  0x08000203   Thumb Code     0  libshutdown2.o(.ARM.Collect$$libshutdown$$00000002)
    __rt_lib_shutdown_fp_trap_1              0x08000203   Thumb Code     0  libshutdown2.o(.ARM.Collect$$libshutdown$$00000007)
    __rt_lib_shutdown_heap_1                 0x08000203   Thumb Code     0  libshutdown2.o(.ARM.Collect$$libshutdown$$0000000F)
    __rt_lib_shutdown_return                 0x08000203   Thumb Code     0  libshutdown2.o(.ARM.Collect$$libshutdown$$00000010)
    __rt_lib_shutdown_signal_1               0x08000203   Thumb Code     0  libshutdown2.o(.ARM.Collect$$libshutdown$$0000000A)
    __rt_lib_shutdown_stdio_1                0x08000203   Thumb Code     0  libshutdown2.o(.ARM.Collect$$libshutdown$$00000004)
    __rt_lib_shutdown_user_alloc_1           0x08000203   Thumb Code     0  libshutdown2.o(.ARM.Collect$$libshutdown$$0000000C)
    __rt_entry                               0x08000205   Thumb Code     0  __rtentry.o(.ARM.Collect$$rtentry$$00000000)
    __rt_entry_presh_1                       0x08000205   Thumb Code     0  __rtentry2.o(.ARM.Collect$$rtentry$$00000002)
    __rt_entry_sh                            0x08000205   Thumb Code     0  __rtentry4.o(.ARM.Collect$$rtentry$$00000004)
    __rt_entry_li                            0x0800020b   Thumb Code     0  __rtentry2.o(.ARM.Collect$$rtentry$$0000000A)
    __rt_entry_postsh_1                      0x0800020b   Thumb Code     0  __rtentry2.o(.ARM.Collect$$rtentry$$00000009)
    __rt_entry_main                          0x0800020f   Thumb Code     0  __rtentry2.o(.ARM.Collect$$rtentry$$0000000D)
    __rt_entry_postli_1                      0x0800020f   Thumb Code     0  __rtentry2.o(.ARM.Collect$$rtentry$$0000000C)
    __rt_exit                                0x08000217   Thumb Code     0  rtexit.o(.ARM.Collect$$rtexit$$00000000)
    __rt_exit_ls                             0x08000219   Thumb Code     0  rtexit2.o(.ARM.Collect$$rtexit$$00000003)
    __rt_exit_prels_1                        0x08000219   Thumb Code     0  rtexit2.o(.ARM.Collect$$rtexit$$00000002)
    __rt_exit_exit                           0x0800021d   Thumb Code     0  rtexit2.o(.ARM.Collect$$rtexit$$00000004)
    Reset_Handler                            0x08000225   Thumb Code     8  startup_at32f403a_407.o(.text)
    SysTick_Handler                          0x0800023d   Thumb Code     2  startup_at32f403a_407.o(.text)
    ACC_IRQHandler                           0x0800023f   Thumb Code     0  startup_at32f403a_407.o(.text)
    ADC1_2_IRQHandler                        0x0800023f   Thumb Code     0  startup_at32f403a_407.o(.text)
    ADC3_IRQHandler                          0x0800023f   Thumb Code     0  startup_at32f403a_407.o(.text)
    CAN1_RX1_IRQHandler                      0x0800023f   Thumb Code     0  startup_at32f403a_407.o(.text)
    CAN1_SE_IRQHandler                       0x0800023f   Thumb Code     0  startup_at32f403a_407.o(.text)
    CAN2_RX0_IRQHandler                      0x0800023f   Thumb Code     0  startup_at32f403a_407.o(.text)
    CAN2_RX1_IRQHandler                      0x0800023f   Thumb Code     0  startup_at32f403a_407.o(.text)
    CAN2_SE_IRQHandler                       0x0800023f   Thumb Code     0  startup_at32f403a_407.o(.text)
    CAN2_TX_IRQHandler                       0x0800023f   Thumb Code     0  startup_at32f403a_407.o(.text)
    CRM_IRQHandler                           0x0800023f   Thumb Code     0  startup_at32f403a_407.o(.text)
    DMA1_Channel1_IRQHandler                 0x0800023f   Thumb Code     0  startup_at32f403a_407.o(.text)
    DMA1_Channel2_IRQHandler                 0x0800023f   Thumb Code     0  startup_at32f403a_407.o(.text)
    DMA1_Channel3_IRQHandler                 0x0800023f   Thumb Code     0  startup_at32f403a_407.o(.text)
    DMA1_Channel4_IRQHandler                 0x0800023f   Thumb Code     0  startup_at32f403a_407.o(.text)
    DMA1_Channel5_IRQHandler                 0x0800023f   Thumb Code     0  startup_at32f403a_407.o(.text)
    DMA1_Channel6_IRQHandler                 0x0800023f   Thumb Code     0  startup_at32f403a_407.o(.text)
    DMA1_Channel7_IRQHandler                 0x0800023f   Thumb Code     0  startup_at32f403a_407.o(.text)
    DMA2_Channel1_IRQHandler                 0x0800023f   Thumb Code     0  startup_at32f403a_407.o(.text)
    DMA2_Channel2_IRQHandler                 0x0800023f   Thumb Code     0  startup_at32f403a_407.o(.text)
    DMA2_Channel3_IRQHandler                 0x0800023f   Thumb Code     0  startup_at32f403a_407.o(.text)
    DMA2_Channel4_5_IRQHandler               0x0800023f   Thumb Code     0  startup_at32f403a_407.o(.text)
    DMA2_Channel6_7_IRQHandler               0x0800023f   Thumb Code     0  startup_at32f403a_407.o(.text)
    EMAC_IRQHandler                          0x0800023f   Thumb Code     0  startup_at32f403a_407.o(.text)
    EMAC_WKUP_IRQHandler                     0x0800023f   Thumb Code     0  startup_at32f403a_407.o(.text)
    EXINT15_10_IRQHandler                    0x0800023f   Thumb Code     0  startup_at32f403a_407.o(.text)
    EXINT1_IRQHandler                        0x0800023f   Thumb Code     0  startup_at32f403a_407.o(.text)
    EXINT2_IRQHandler                        0x0800023f   Thumb Code     0  startup_at32f403a_407.o(.text)
    EXINT3_IRQHandler                        0x0800023f   Thumb Code     0  startup_at32f403a_407.o(.text)
    EXINT4_IRQHandler                        0x0800023f   Thumb Code     0  startup_at32f403a_407.o(.text)
    EXINT9_5_IRQHandler                      0x0800023f   Thumb Code     0  startup_at32f403a_407.o(.text)
    FLASH_IRQHandler                         0x0800023f   Thumb Code     0  startup_at32f403a_407.o(.text)
    I2C1_ERR_IRQHandler                      0x0800023f   Thumb Code     0  startup_at32f403a_407.o(.text)
    I2C1_EVT_IRQHandler                      0x0800023f   Thumb Code     0  startup_at32f403a_407.o(.text)
    I2C2_ERR_IRQHandler                      0x0800023f   Thumb Code     0  startup_at32f403a_407.o(.text)
    I2C2_EVT_IRQHandler                      0x0800023f   Thumb Code     0  startup_at32f403a_407.o(.text)
    I2C3_ERR_IRQHandler                      0x0800023f   Thumb Code     0  startup_at32f403a_407.o(.text)
    I2C3_EVT_IRQHandler                      0x0800023f   Thumb Code     0  startup_at32f403a_407.o(.text)
    PVM_IRQHandler                           0x0800023f   Thumb Code     0  startup_at32f403a_407.o(.text)
    RTCAlarm_IRQHandler                      0x0800023f   Thumb Code     0  startup_at32f403a_407.o(.text)
    RTC_IRQHandler                           0x0800023f   Thumb Code     0  startup_at32f403a_407.o(.text)
    SDIO1_IRQHandler                         0x0800023f   Thumb Code     0  startup_at32f403a_407.o(.text)
    SDIO2_IRQHandler                         0x0800023f   Thumb Code     0  startup_at32f403a_407.o(.text)
    SPI1_IRQHandler                          0x0800023f   Thumb Code     0  startup_at32f403a_407.o(.text)
    SPI2_I2S2EXT_IRQHandler                  0x0800023f   Thumb Code     0  startup_at32f403a_407.o(.text)
    SPI3_I2S3EXT_IRQHandler                  0x0800023f   Thumb Code     0  startup_at32f403a_407.o(.text)
    SPI4_IRQHandler                          0x0800023f   Thumb Code     0  startup_at32f403a_407.o(.text)
    TAMPER_IRQHandler                        0x0800023f   Thumb Code     0  startup_at32f403a_407.o(.text)
    TMR1_BRK_TMR9_IRQHandler                 0x0800023f   Thumb Code     0  startup_at32f403a_407.o(.text)
    TMR1_CH_IRQHandler                       0x0800023f   Thumb Code     0  startup_at32f403a_407.o(.text)
    TMR1_OVF_TMR10_IRQHandler                0x0800023f   Thumb Code     0  startup_at32f403a_407.o(.text)
    TMR1_TRG_HALL_TMR11_IRQHandler           0x0800023f   Thumb Code     0  startup_at32f403a_407.o(.text)
    TMR2_GLOBAL_IRQHandler                   0x0800023f   Thumb Code     0  startup_at32f403a_407.o(.text)
    TMR3_GLOBAL_IRQHandler                   0x0800023f   Thumb Code     0  startup_at32f403a_407.o(.text)
    TMR4_GLOBAL_IRQHandler                   0x0800023f   Thumb Code     0  startup_at32f403a_407.o(.text)
    TMR5_GLOBAL_IRQHandler                   0x0800023f   Thumb Code     0  startup_at32f403a_407.o(.text)
    TMR6_GLOBAL_IRQHandler                   0x0800023f   Thumb Code     0  startup_at32f403a_407.o(.text)
    TMR7_GLOBAL_IRQHandler                   0x0800023f   Thumb Code     0  startup_at32f403a_407.o(.text)
    TMR8_BRK_TMR12_IRQHandler                0x0800023f   Thumb Code     0  startup_at32f403a_407.o(.text)
    TMR8_CH_IRQHandler                       0x0800023f   Thumb Code     0  startup_at32f403a_407.o(.text)
    TMR8_OVF_TMR13_IRQHandler                0x0800023f   Thumb Code     0  startup_at32f403a_407.o(.text)
    TMR8_TRG_HALL_TMR14_IRQHandler           0x0800023f   Thumb Code     0  startup_at32f403a_407.o(.text)
    UART4_IRQHandler                         0x0800023f   Thumb Code     0  startup_at32f403a_407.o(.text)
    UART5_IRQHandler                         0x0800023f   Thumb Code     0  startup_at32f403a_407.o(.text)
    UART7_IRQHandler                         0x0800023f   Thumb Code     0  startup_at32f403a_407.o(.text)
    UART8_IRQHandler                         0x0800023f   Thumb Code     0  startup_at32f403a_407.o(.text)
    USART1_IRQHandler                        0x0800023f   Thumb Code     0  startup_at32f403a_407.o(.text)
    USART2_IRQHandler                        0x0800023f   Thumb Code     0  startup_at32f403a_407.o(.text)
    USART3_IRQHandler                        0x0800023f   Thumb Code     0  startup_at32f403a_407.o(.text)
    USART6_IRQHandler                        0x0800023f   Thumb Code     0  startup_at32f403a_407.o(.text)
    USBFSWakeUp_IRQHandler                   0x0800023f   Thumb Code     0  startup_at32f403a_407.o(.text)
    USBFS_H_CAN1_TX_IRQHandler               0x0800023f   Thumb Code     0  startup_at32f403a_407.o(.text)
    USBFS_L_CAN1_RX0_IRQHandler              0x0800023f   Thumb Code     0  startup_at32f403a_407.o(.text)
    USBFS_MAPH_IRQHandler                    0x0800023f   Thumb Code     0  startup_at32f403a_407.o(.text)
    USBFS_MAPL_IRQHandler                    0x0800023f   Thumb Code     0  startup_at32f403a_407.o(.text)
    WWDT_IRQHandler                          0x0800023f   Thumb Code     0  startup_at32f403a_407.o(.text)
    XMC_IRQHandler                           0x0800023f   Thumb Code     0  startup_at32f403a_407.o(.text)
    __user_initial_stackheap                 0x08000241   Thumb Code     0  startup_at32f403a_407.o(.text)
    __aeabi_assert                           0x08000265   Thumb Code    86  assert.o(.text)
    __assert                                 0x08000265   Thumb Code     0  assert.o(.text)
    __use_two_region_memory                  0x080002e5   Thumb Code     2  heapauxi.o(.text)
    __rt_heap_escrow$2region                 0x080002e7   Thumb Code     2  heapauxi.o(.text)
    __rt_heap_expand$2region                 0x080002e9   Thumb Code     2  heapauxi.o(.text)
    abort                                    0x080002eb   Thumb Code    22  abort.o(.text)
    __assert_puts                            0x08000301   Thumb Code    20  assert_puts.o(.text)
    _ttywrch                                 0x08000315   Thumb Code    14  sys_wrch.o(.text)
    _sys_exit                                0x08000325   Thumb Code     8  sys_exit.o(.text)
    __rt_SIGABRT                             0x08000331   Thumb Code    14  defsig_abrt_outer.o(.text)
    __I$use$semihosting                      0x0800033f   Thumb Code     0  use_no_semi.o(.text)
    __use_no_semihosting_swi                 0x0800033f   Thumb Code     2  use_no_semi.o(.text)
    __semihosting_library_function           0x08000341   Thumb Code     0  indicate_semi.o(.text)
    __user_setup_stackheap                   0x08000341   Thumb Code    74  sys_stackheap_outer.o(.text)
    exit                                     0x0800038b   Thumb Code    18  exit.o(.text)
    __sig_exit                               0x0800039d   Thumb Code    10  defsig_exit.o(.text)
    __rt_SIGABRT_inner                       0x080003a9   Thumb Code    14  defsig_abrt_inner.o(.text)
    __user_libspace                          0x080003d9   Thumb Code     8  libspace.o(.text)
    __user_perproc_libspace                  0x080003d9   Thumb Code     0  libspace.o(.text)
    __user_perthread_libspace                0x080003d9   Thumb Code     0  libspace.o(.text)
    __default_signal_display                 0x080003e1   Thumb Code    50  defsig_general.o(.text)
    BusFault_Handler                         0x08000413   Thumb Code     4  at32f403a_407_int.o(i.BusFault_Handler)
    DebugMon_Handler                         0x08000417   Thumb Code     2  at32f403a_407_int.o(i.DebugMon_Handler)
    EXINT0_IRQHandler                        0x08000419   Thumb Code    22  at32f403a_407_int.o(i.EXINT0_IRQHandler)
    HardFault_Handler                        0x08000435   Thumb Code     4  at32f403a_407_int.o(i.HardFault_Handler)
    MemManage_Handler                        0x08000439   Thumb Code     4  at32f403a_407_int.o(i.MemManage_Handler)
    NMI_Handler                              0x0800043d   Thumb Code     2  at32f403a_407_int.o(i.NMI_Handler)
    PendSV_Handler                           0x0800043f   Thumb Code     2  at32f403a_407_int.o(i.PendSV_Handler)
    SVC_Handler                              0x08000441   Thumb Code     2  at32f403a_407_int.o(i.SVC_Handler)
    SystemInit                               0x08000445   Thumb Code   100  system_at32f403a_407.o(i.SystemInit)
    UsageFault_Handler                       0x080004b5   Thumb Code     4  at32f403a_407_int.o(i.UsageFault_Handler)
    adcStartup                               0x080004b9   Thumb Code    56  ads131m0x.o(i.adcStartup)
    buildSPIarray                            0x080004f5   Thumb Code    90  ads131m0x.o(i.buildSPIarray)
    combineBytes                             0x0800054f   Thumb Code     8  ads131m0x.o(i.combineBytes)
    crm_ahb_div_set                          0x08000559   Thumb Code    14  at32f403a_407_crm.o(i.crm_ahb_div_set)
    crm_apb1_div_set                         0x0800056d   Thumb Code    14  at32f403a_407_crm.o(i.crm_apb1_div_set)
    crm_apb2_div_set                         0x08000581   Thumb Code    14  at32f403a_407_crm.o(i.crm_apb2_div_set)
    crm_auto_step_mode_enable                0x08000595   Thumb Code    34  at32f403a_407_crm.o(i.crm_auto_step_mode_enable)
    crm_clock_source_enable                  0x080005bd   Thumb Code    90  at32f403a_407_crm.o(i.crm_clock_source_enable)
    crm_clocks_freq_get                      0x0800061d   Thumb Code   268  at32f403a_407_crm.o(i.crm_clocks_freq_get)
    crm_flag_get                             0x08000749   Thumb Code    42  at32f403a_407_crm.o(i.crm_flag_get)
    crm_hext_stable_wait                     0x08000779   Thumb Code    46  at32f403a_407_crm.o(i.crm_hext_stable_wait)
    crm_periph_clock_enable                  0x080007a9   Thumb Code    62  at32f403a_407_crm.o(i.crm_periph_clock_enable)
    crm_pll_config                           0x080007ed   Thumb Code   118  at32f403a_407_crm.o(i.crm_pll_config)
    crm_reset                                0x08000869   Thumb Code    80  at32f403a_407_crm.o(i.crm_reset)
    crm_sysclk_switch                        0x080008c1   Thumb Code    14  at32f403a_407_crm.o(i.crm_sysclk_switch)
    crm_sysclk_switch_status_get             0x080008d5   Thumb Code    10  at32f403a_407_crm.o(i.crm_sysclk_switch_status_get)
    delay_init                               0x080008e5   Thumb Code    38  at32f403a_407_wk_config.o(i.delay_init)
    delay_ms                                 0x0800091d   Thumb Code   110  at32f403a_407_wk_config.o(i.delay_ms)
    delay_us                                 0x08000991   Thumb Code    74  at32f403a_407_wk_config.o(i.delay_us)
    enforce_selected_device_modes            0x080009e1   Thumb Code    24  ads131m0x.o(i.enforce_selected_device_modes)
    exint_default_para_init                  0x080009f9   Thumb Code    14  at32f403a_407_exint.o(i.exint_default_para_init)
    exint_flag_clear                         0x08000a09   Thumb Code    28  at32f403a_407_exint.o(i.exint_flag_clear)
    exint_flag_get                           0x08000a29   Thumb Code    24  at32f403a_407_exint.o(i.exint_flag_get)
    exint_init                               0x08000a45   Thumb Code   148  at32f403a_407_exint.o(i.exint_init)
    exint_interrupt_enable                   0x08000add   Thumb Code    28  at32f403a_407_exint.o(i.exint_interrupt_enable)
    getRegisterValue                         0x08000afd   Thumb Code    28  ads131m0x.o(i.getRegisterValue)
    getWordByteLength                        0x08000b49   Thumb Code    18  ads131m0x.o(i.getWordByteLength)
    gpio_bits_reset                          0x08000b61   Thumb Code     4  at32f403a_407_gpio.o(i.gpio_bits_reset)
    gpio_bits_write                          0x08000b65   Thumb Code    10  at32f403a_407_gpio.o(i.gpio_bits_write)
    gpio_default_para_init                   0x08000b6f   Thumb Code    22  at32f403a_407_gpio.o(i.gpio_default_para_init)
    gpio_exint_line_config                   0x08000b85   Thumb Code   158  at32f403a_407_gpio.o(i.gpio_exint_line_config)
    gpio_init                                0x08000c29   Thumb Code   168  at32f403a_407_gpio.o(i.gpio_init)
    gpio_pin_remap_config                    0x08000cd1   Thumb Code    70  at32f403a_407_gpio.o(i.gpio_pin_remap_config)
    lowerByte                                0x08000d1d   Thumb Code     6  ads131m0x.o(i.lowerByte)
    main                                     0x08000d25   Thumb Code    62  main.o(i.main)
    nvic_irq_enable                          0x08000d69   Thumb Code   190  at32f403a_407_misc.o(i.nvic_irq_enable)
    nvic_priority_group_config               0x08000e31   Thumb Code    32  at32f403a_407_misc.o(i.nvic_priority_group_config)
    pwc_battery_powered_domain_access        0x08000e59   Thumb Code    14  at32f403a_407_pwc.o(i.pwc_battery_powered_domain_access)
    readData                                 0x08000e6d   Thumb Code   234  ads131m0x.o(i.readData)
    readSingleRegister                       0x08000f5d   Thumb Code    78  ads131m0x.o(i.readSingleRegister)
    restoreRegisterDefaults                  0x08000fdd   Thumb Code   116  ads131m0x.o(i.restoreRegisterDefaults)
    sendCommand                              0x08001055   Thumb Code   206  ads131m0x.o(i.sendCommand)
    signExtend                               0x080011b5   Thumb Code    26  ads131m0x.o(i.signExtend)
    spiSendReceiveArrays                     0x080011d1   Thumb Code    68  at32f403a_407_wk_config.o(i.spiSendReceiveArrays)
    spiSendReceiveByte                       0x08001251   Thumb Code    52  at32f403a_407_wk_config.o(i.spiSendReceiveByte)
    spi_default_para_init                    0x08001289   Thumb Code    22  at32f403a_407_spi.o(i.spi_default_para_init)
    spi_enable                               0x0800129f   Thumb Code    10  at32f403a_407_spi.o(i.spi_enable)
    spi_hardware_cs_output_enable            0x080012a9   Thumb Code    10  at32f403a_407_spi.o(i.spi_hardware_cs_output_enable)
    spi_i2s_data_receive                     0x080012b3   Thumb Code     8  at32f403a_407_spi.o(i.spi_i2s_data_receive)
    spi_i2s_data_transmit                    0x080012bb   Thumb Code     4  at32f403a_407_spi.o(i.spi_i2s_data_transmit)
    spi_i2s_flag_get                         0x080012bf   Thumb Code    16  at32f403a_407_spi.o(i.spi_i2s_flag_get)
    spi_init                                 0x080012cf   Thumb Code   292  at32f403a_407_spi.o(i.spi_init)
    system_core_clock_update                 0x080013f5   Thumb Code   222  system_at32f403a_407.o(i.system_core_clock_update)
    systick_clock_source_config              0x080014ed   Thumb Code    40  at32f403a_407_misc.o(i.systick_clock_source_config)
    tmr_base_init                            0x08001515   Thumb Code    16  at32f403a_407_tmr.o(i.tmr_base_init)
    tmr_channel_value_set                    0x08001525   Thumb Code    40  at32f403a_407_tmr.o(i.tmr_channel_value_set)
    tmr_clock_source_div_set                 0x0800154d   Thumb Code    10  at32f403a_407_tmr.o(i.tmr_clock_source_div_set)
    tmr_cnt_dir_set                          0x08001557   Thumb Code    10  at32f403a_407_tmr.o(i.tmr_cnt_dir_set)
    tmr_counter_enable                       0x08001561   Thumb Code    10  at32f403a_407_tmr.o(i.tmr_counter_enable)
    tmr_output_channel_buffer_enable         0x0800156b   Thumb Code    66  at32f403a_407_tmr.o(i.tmr_output_channel_buffer_enable)
    tmr_output_channel_config                0x080015ad   Thumb Code   416  at32f403a_407_tmr.o(i.tmr_output_channel_config)
    tmr_output_channel_immediately_set       0x0800174d   Thumb Code    66  at32f403a_407_tmr.o(i.tmr_output_channel_immediately_set)
    tmr_period_buffer_enable                 0x0800178f   Thumb Code    10  at32f403a_407_tmr.o(i.tmr_period_buffer_enable)
    tmr_primary_mode_select                  0x08001799   Thumb Code    10  at32f403a_407_tmr.o(i.tmr_primary_mode_select)
    tmr_sub_sync_mode_set                    0x080017a3   Thumb Code    10  at32f403a_407_tmr.o(i.tmr_sub_sync_mode_set)
    toggleRESET                              0x080017ad   Thumb Code    50  at32f403a_407_wk_config.o(i.toggleRESET)
    upperByte                                0x080017e5   Thumb Code     6  ads131m0x.o(i.upperByte)
    usart_enable                             0x080017eb   Thumb Code    10  at32f403a_407_usart.o(i.usart_enable)
    usart_hardware_flow_control_set          0x080017f5   Thumb Code   102  at32f403a_407_usart.o(i.usart_hardware_flow_control_set)
    usart_init                               0x0800185d   Thumb Code   120  at32f403a_407_usart.o(i.usart_init)
    usart_parity_selection_config            0x080018e5   Thumb Code    76  at32f403a_407_usart.o(i.usart_parity_selection_config)
    usart_receiver_enable                    0x08001931   Thumb Code    10  at32f403a_407_usart.o(i.usart_receiver_enable)
    usart_transmitter_enable                 0x0800193b   Thumb Code    10  at32f403a_407_usart.o(i.usart_transmitter_enable)
    waitForDRDYinterrupt                     0x08001945   Thumb Code    56  at32f403a_407_wk_config.o(i.waitForDRDYinterrupt)
    wk_debug_config                          0x08001981   Thumb Code    12  at32f403a_407_wk_config.o(i.wk_debug_config)
    wk_exint_config                          0x08001991   Thumb Code    78  at32f403a_407_wk_config.o(i.wk_exint_config)
    wk_gpio_config                           0x080019e5   Thumb Code    52  at32f403a_407_wk_config.o(i.wk_gpio_config)
    wk_nvic_config                           0x08001a1d   Thumb Code    20  at32f403a_407_wk_config.o(i.wk_nvic_config)
    wk_periph_clock_config                   0x08001a31   Thumb Code    72  at32f403a_407_wk_config.o(i.wk_periph_clock_config)
    wk_spi1_init                             0x08001a7d   Thumb Code   220  at32f403a_407_wk_config.o(i.wk_spi1_init)
    wk_system_clock_config                   0x08001b61   Thumb Code   206  at32f403a_407_wk_config.o(i.wk_system_clock_config)
    wk_tmr2_init                             0x08001c39   Thumb Code   188  at32f403a_407_wk_config.o(i.wk_tmr2_init)
    wk_usart1_init                           0x08001cf9   Thumb Code   136  at32f403a_407_wk_config.o(i.wk_usart1_init)
    writeSingleRegister                      0x08001d89   Thumb Code   100  ads131m0x.o(i.writeSingleRegister)
    _fp_init                                 0x08001e1d   Thumb Code    10  fpinit.o(x$fpl$fpinit)
    __fplib_config_fpu_vfp                   0x08001e25   Thumb Code     0  fpinit.o(x$fpl$fpinit)
    __fplib_config_pureend_doubles           0x08001e25   Thumb Code     0  fpinit.o(x$fpl$fpinit)
    Region$$Table$$Base                      0x08001e64   Number         0  anon$$obj.o(Region$$Table)
    Region$$Table$$Limit                     0x08001e84   Number         0  anon$$obj.o(Region$$Table)
    flag_nDRDY_INTERRUPT                     0x20000008   Data           1  at32f403a_407_wk_config.o(.data)
    system_core_clock                        0x2000000c   Data           4  system_at32f403a_407.o(.data)
    adc_data                                 0x20000010   Data          20  main.o(.bss)
    __libspace_start                         0x200000a4   Data          96  libspace.o(.bss)
    __temporary_stack_top$libspace           0x20000104   Data           0  libspace.o(.bss)



==============================================================================

Memory Map of the image

  Image Entry point : 0x08000185

  Load Region LR_IROM1 (Base: 0x08000000, Size: 0x00001e94, Max: 0x00100000, ABSOLUTE)

    Execution Region ER_IROM1 (Base: 0x08000000, Size: 0x00001e84, Max: 0x00100000, ABSOLUTE)

    Base Addr    Size         Type   Attr      Idx    E Section Name        Object

    0x08000000   0x00000184   Data   RO         2013    RESET               startup_at32f403a_407.o
    0x08000184   0x00000008   Code   RO         2061  * !!!main             c_w.l(__main.o)
    0x0800018c   0x00000034   Code   RO         2226    !!!scatter          c_w.l(__scatter.o)
    0x080001c0   0x0000001a   Code   RO         2228    !!handler_copy      c_w.l(__scatter_copy.o)
    0x080001da   0x00000002   PAD
    0x080001dc   0x0000001c   Code   RO         2230    !!handler_zi        c_w.l(__scatter_zi.o)
    0x080001f8   0x00000002   Code   RO         2109    .ARM.Collect$$libinit$$00000000  c_w.l(libinit.o)
    0x080001fa   0x00000004   Code   RO         2119    .ARM.Collect$$libinit$$00000001  c_w.l(libinit2.o)
    0x080001fe   0x00000000   Code   RO         2122    .ARM.Collect$$libinit$$00000004  c_w.l(libinit2.o)
    0x080001fe   0x00000000   Code   RO         2125    .ARM.Collect$$libinit$$0000000A  c_w.l(libinit2.o)
    0x080001fe   0x00000000   Code   RO         2127    .ARM.Collect$$libinit$$0000000C  c_w.l(libinit2.o)
    0x080001fe   0x00000000   Code   RO         2129    .ARM.Collect$$libinit$$0000000E  c_w.l(libinit2.o)
    0x080001fe   0x00000000   Code   RO         2132    .ARM.Collect$$libinit$$00000011  c_w.l(libinit2.o)
    0x080001fe   0x00000000   Code   RO         2134    .ARM.Collect$$libinit$$00000013  c_w.l(libinit2.o)
    0x080001fe   0x00000000   Code   RO         2136    .ARM.Collect$$libinit$$00000015  c_w.l(libinit2.o)
    0x080001fe   0x00000000   Code   RO         2138    .ARM.Collect$$libinit$$00000017  c_w.l(libinit2.o)
    0x080001fe   0x00000000   Code   RO         2140    .ARM.Collect$$libinit$$00000019  c_w.l(libinit2.o)
    0x080001fe   0x00000000   Code   RO         2142    .ARM.Collect$$libinit$$0000001B  c_w.l(libinit2.o)
    0x080001fe   0x00000000   Code   RO         2144    .ARM.Collect$$libinit$$0000001D  c_w.l(libinit2.o)
    0x080001fe   0x00000000   Code   RO         2146    .ARM.Collect$$libinit$$0000001F  c_w.l(libinit2.o)
    0x080001fe   0x00000000   Code   RO         2148    .ARM.Collect$$libinit$$00000021  c_w.l(libinit2.o)
    0x080001fe   0x00000000   Code   RO         2150    .ARM.Collect$$libinit$$00000023  c_w.l(libinit2.o)
    0x080001fe   0x00000000   Code   RO         2152    .ARM.Collect$$libinit$$00000025  c_w.l(libinit2.o)
    0x080001fe   0x00000000   Code   RO         2156    .ARM.Collect$$libinit$$0000002C  c_w.l(libinit2.o)
    0x080001fe   0x00000000   Code   RO         2158    .ARM.Collect$$libinit$$0000002E  c_w.l(libinit2.o)
    0x080001fe   0x00000000   Code   RO         2160    .ARM.Collect$$libinit$$00000030  c_w.l(libinit2.o)
    0x080001fe   0x00000000   Code   RO         2162    .ARM.Collect$$libinit$$00000032  c_w.l(libinit2.o)
    0x080001fe   0x00000002   Code   RO         2163    .ARM.Collect$$libinit$$00000033  c_w.l(libinit2.o)
    0x08000200   0x00000002   Code   RO         2199    .ARM.Collect$$libshutdown$$00000000  c_w.l(libshutdown.o)
    0x08000202   0x00000000   Code   RO         2209    .ARM.Collect$$libshutdown$$00000002  c_w.l(libshutdown2.o)
    0x08000202   0x00000000   Code   RO         2211    .ARM.Collect$$libshutdown$$00000004  c_w.l(libshutdown2.o)
    0x08000202   0x00000000   Code   RO         2214    .ARM.Collect$$libshutdown$$00000007  c_w.l(libshutdown2.o)
    0x08000202   0x00000000   Code   RO         2217    .ARM.Collect$$libshutdown$$0000000A  c_w.l(libshutdown2.o)
    0x08000202   0x00000000   Code   RO         2219    .ARM.Collect$$libshutdown$$0000000C  c_w.l(libshutdown2.o)
    0x08000202   0x00000000   Code   RO         2222    .ARM.Collect$$libshutdown$$0000000F  c_w.l(libshutdown2.o)
    0x08000202   0x00000002   Code   RO         2223    .ARM.Collect$$libshutdown$$00000010  c_w.l(libshutdown2.o)
    0x08000204   0x00000000   Code   RO         2063    .ARM.Collect$$rtentry$$00000000  c_w.l(__rtentry.o)
    0x08000204   0x00000000   Code   RO         2073    .ARM.Collect$$rtentry$$00000002  c_w.l(__rtentry2.o)
    0x08000204   0x00000006   Code   RO         2085    .ARM.Collect$$rtentry$$00000004  c_w.l(__rtentry4.o)
    0x0800020a   0x00000000   Code   RO         2075    .ARM.Collect$$rtentry$$00000009  c_w.l(__rtentry2.o)
    0x0800020a   0x00000004   Code   RO         2076    .ARM.Collect$$rtentry$$0000000A  c_w.l(__rtentry2.o)
    0x0800020e   0x00000000   Code   RO         2078    .ARM.Collect$$rtentry$$0000000C  c_w.l(__rtentry2.o)
    0x0800020e   0x00000008   Code   RO         2079    .ARM.Collect$$rtentry$$0000000D  c_w.l(__rtentry2.o)
    0x08000216   0x00000002   Code   RO         2113    .ARM.Collect$$rtexit$$00000000  c_w.l(rtexit.o)
    0x08000218   0x00000000   Code   RO         2165    .ARM.Collect$$rtexit$$00000002  c_w.l(rtexit2.o)
    0x08000218   0x00000004   Code   RO         2166    .ARM.Collect$$rtexit$$00000003  c_w.l(rtexit2.o)
    0x0800021c   0x00000006   Code   RO         2167    .ARM.Collect$$rtexit$$00000004  c_w.l(rtexit2.o)
    0x08000222   0x00000002   PAD
    0x08000224   0x00000040   Code   RO         2014    .text               startup_at32f403a_407.o
    0x08000264   0x00000080   Code   RO         2057    .text               c_w.l(assert.o)
    0x080002e4   0x00000006   Code   RO         2059    .text               c_w.l(heapauxi.o)
    0x080002ea   0x00000016   Code   RO         2064    .text               c_w.l(abort.o)
    0x08000300   0x00000014   Code   RO         2066    .text               c_w.l(assert_puts.o)
    0x08000314   0x0000000e   Code   RO         2068    .text               c_w.l(sys_wrch.o)
    0x08000322   0x00000002   PAD
    0x08000324   0x0000000c   Code   RO         2070    .text               c_w.l(sys_exit.o)
    0x08000330   0x0000000e   Code   RO         2087    .text               c_w.l(defsig_abrt_outer.o)
    0x0800033e   0x00000002   Code   RO         2091    .text               c_w.l(use_no_semi.o)
    0x08000340   0x00000000   Code   RO         2093    .text               c_w.l(indicate_semi.o)
    0x08000340   0x0000004a   Code   RO         2094    .text               c_w.l(sys_stackheap_outer.o)
    0x0800038a   0x00000012   Code   RO         2098    .text               c_w.l(exit.o)
    0x0800039c   0x0000000a   Code   RO         2100    .text               c_w.l(defsig_exit.o)
    0x080003a6   0x00000002   PAD
    0x080003a8   0x00000030   Code   RO         2102    .text               c_w.l(defsig_abrt_inner.o)
    0x080003d8   0x00000008   Code   RO         2110    .text               c_w.l(libspace.o)
    0x080003e0   0x00000032   Code   RO         2117    .text               c_w.l(defsig_general.o)
    0x08000412   0x00000004   Code   RO          225    i.BusFault_Handler  at32f403a_407_int.o
    0x08000416   0x00000002   Code   RO          226    i.DebugMon_Handler  at32f403a_407_int.o
    0x08000418   0x0000001c   Code   RO          227    i.EXINT0_IRQHandler  at32f403a_407_int.o
    0x08000434   0x00000004   Code   RO          228    i.HardFault_Handler  at32f403a_407_int.o
    0x08000438   0x00000004   Code   RO          229    i.MemManage_Handler  at32f403a_407_int.o
    0x0800043c   0x00000002   Code   RO          230    i.NMI_Handler       at32f403a_407_int.o
    0x0800043e   0x00000002   Code   RO          231    i.PendSV_Handler    at32f403a_407_int.o
    0x08000440   0x00000002   Code   RO          232    i.SVC_Handler       at32f403a_407_int.o
    0x08000442   0x00000002   PAD
    0x08000444   0x00000070   Code   RO         2021    i.SystemInit        system_at32f403a_407.o
    0x080004b4   0x00000004   Code   RO          233    i.UsageFault_Handler  at32f403a_407_int.o
    0x080004b8   0x0000003c   Code   RO          301    i.adcStartup        ads131m0x.o
    0x080004f4   0x0000005a   Code   RO          302    i.buildSPIarray     ads131m0x.o
    0x0800054e   0x00000008   Code   RO          304    i.combineBytes      ads131m0x.o
    0x08000556   0x00000002   PAD
    0x08000558   0x00000014   Code   RO          431    i.crm_ahb_div_set   at32f403a_407_crm.o
    0x0800056c   0x00000014   Code   RO          432    i.crm_apb1_div_set  at32f403a_407_crm.o
    0x08000580   0x00000014   Code   RO          433    i.crm_apb2_div_set  at32f403a_407_crm.o
    0x08000594   0x00000028   Code   RO          434    i.crm_auto_step_mode_enable  at32f403a_407_crm.o
    0x080005bc   0x00000060   Code   RO          440    i.crm_clock_source_enable  at32f403a_407_crm.o
    0x0800061c   0x0000012c   Code   RO          441    i.crm_clocks_freq_get  at32f403a_407_crm.o
    0x08000748   0x00000030   Code   RO          443    i.crm_flag_get      at32f403a_407_crm.o
    0x08000778   0x0000002e   Code   RO          446    i.crm_hext_stable_wait  at32f403a_407_crm.o
    0x080007a6   0x00000002   PAD
    0x080007a8   0x00000044   Code   RO          453    i.crm_periph_clock_enable  at32f403a_407_crm.o
    0x080007ec   0x0000007c   Code   RO          456    i.crm_pll_config    at32f403a_407_crm.o
    0x08000868   0x00000058   Code   RO          457    i.crm_reset         at32f403a_407_crm.o
    0x080008c0   0x00000014   Code   RO          460    i.crm_sysclk_switch  at32f403a_407_crm.o
    0x080008d4   0x00000010   Code   RO          461    i.crm_sysclk_switch_status_get  at32f403a_407_crm.o
    0x080008e4   0x00000038   Code   RO          108    i.delay_init        at32f403a_407_wk_config.o
    0x0800091c   0x00000074   Code   RO          109    i.delay_ms          at32f403a_407_wk_config.o
    0x08000990   0x00000050   Code   RO          110    i.delay_us          at32f403a_407_wk_config.o
    0x080009e0   0x00000018   Code   RO          305    i.enforce_selected_device_modes  ads131m0x.o
    0x080009f8   0x0000000e   Code   RO          689    i.exint_default_para_init  at32f403a_407_exint.o
    0x08000a06   0x00000002   PAD
    0x08000a08   0x00000020   Code   RO          691    i.exint_flag_clear  at32f403a_407_exint.o
    0x08000a28   0x0000001c   Code   RO          692    i.exint_flag_get    at32f403a_407_exint.o
    0x08000a44   0x00000098   Code   RO          693    i.exint_init        at32f403a_407_exint.o
    0x08000adc   0x00000020   Code   RO          694    i.exint_interrupt_enable  at32f403a_407_exint.o
    0x08000afc   0x0000004c   Code   RO          306    i.getRegisterValue  ads131m0x.o
    0x08000b48   0x00000018   Code   RO          307    i.getWordByteLength  ads131m0x.o
    0x08000b60   0x00000004   Code   RO         1044    i.gpio_bits_reset   at32f403a_407_gpio.o
    0x08000b64   0x0000000a   Code   RO         1046    i.gpio_bits_write   at32f403a_407_gpio.o
    0x08000b6e   0x00000016   Code   RO         1047    i.gpio_default_para_init  at32f403a_407_gpio.o
    0x08000b84   0x000000a4   Code   RO         1050    i.gpio_exint_line_config  at32f403a_407_gpio.o
    0x08000c28   0x000000a8   Code   RO         1051    i.gpio_init         at32f403a_407_gpio.o
    0x08000cd0   0x0000004c   Code   RO         1057    i.gpio_pin_remap_config  at32f403a_407_gpio.o
    0x08000d1c   0x00000006   Code   RO          309    i.lowerByte         ads131m0x.o
    0x08000d22   0x00000002   PAD
    0x08000d24   0x00000044   Code   RO            4    i.main              main.o
    0x08000d68   0x000000c8   Code   RO         1171    i.nvic_irq_enable   at32f403a_407_misc.o
    0x08000e30   0x00000028   Code   RO         1173    i.nvic_priority_group_config  at32f403a_407_misc.o
    0x08000e58   0x00000014   Code   RO         1234    i.pwc_battery_powered_domain_access  at32f403a_407_pwc.o
    0x08000e6c   0x000000f0   Code   RO          310    i.readData          ads131m0x.o
    0x08000f5c   0x00000080   Code   RO          311    i.readSingleRegister  ads131m0x.o
    0x08000fdc   0x00000078   Code   RO          313    i.restoreRegisterDefaults  ads131m0x.o
    0x08001054   0x00000160   Code   RO          314    i.sendCommand       ads131m0x.o
    0x080011b4   0x0000001a   Code   RO          315    i.signExtend        ads131m0x.o
    0x080011ce   0x00000002   PAD
    0x080011d0   0x00000080   Code   RO          111    i.spiSendReceiveArrays  at32f403a_407_wk_config.o
    0x08001250   0x00000038   Code   RO          112    i.spiSendReceiveByte  at32f403a_407_wk_config.o
    0x08001288   0x00000016   Code   RO         1326    i.spi_default_para_init  at32f403a_407_spi.o
    0x0800129e   0x0000000a   Code   RO         1327    i.spi_enable        at32f403a_407_spi.o
    0x080012a8   0x0000000a   Code   RO         1330    i.spi_hardware_cs_output_enable  at32f403a_407_spi.o
    0x080012b2   0x00000008   Code   RO         1331    i.spi_i2s_data_receive  at32f403a_407_spi.o
    0x080012ba   0x00000004   Code   RO         1332    i.spi_i2s_data_transmit  at32f403a_407_spi.o
    0x080012be   0x00000010   Code   RO         1336    i.spi_i2s_flag_get  at32f403a_407_spi.o
    0x080012ce   0x00000124   Code   RO         1339    i.spi_init          at32f403a_407_spi.o
    0x080013f2   0x00000002   PAD
    0x080013f4   0x000000f8   Code   RO         2022    i.system_core_clock_update  system_at32f403a_407.o
    0x080014ec   0x00000028   Code   RO         1176    i.systick_clock_source_config  at32f403a_407_misc.o
    0x08001514   0x00000010   Code   RO         1475    i.tmr_base_init     at32f403a_407_tmr.o
    0x08001524   0x00000028   Code   RO         1483    i.tmr_channel_value_set  at32f403a_407_tmr.o
    0x0800154c   0x0000000a   Code   RO         1484    i.tmr_clock_source_div_set  at32f403a_407_tmr.o
    0x08001556   0x0000000a   Code   RO         1485    i.tmr_cnt_dir_set   at32f403a_407_tmr.o
    0x08001560   0x0000000a   Code   RO         1486    i.tmr_counter_enable  at32f403a_407_tmr.o
    0x0800156a   0x00000042   Code   RO         1509    i.tmr_output_channel_buffer_enable  at32f403a_407_tmr.o
    0x080015ac   0x000001a0   Code   RO         1510    i.tmr_output_channel_config  at32f403a_407_tmr.o
    0x0800174c   0x00000042   Code   RO         1511    i.tmr_output_channel_immediately_set  at32f403a_407_tmr.o
    0x0800178e   0x0000000a   Code   RO         1519    i.tmr_period_buffer_enable  at32f403a_407_tmr.o
    0x08001798   0x0000000a   Code   RO         1522    i.tmr_primary_mode_select  at32f403a_407_tmr.o
    0x080017a2   0x0000000a   Code   RO         1527    i.tmr_sub_sync_mode_set  at32f403a_407_tmr.o
    0x080017ac   0x00000038   Code   RO          113    i.toggleRESET       at32f403a_407_wk_config.o
    0x080017e4   0x00000006   Code   RO          317    i.upperByte         ads131m0x.o
    0x080017ea   0x0000000a   Code   RO         1830    i.usart_enable      at32f403a_407_usart.o
    0x080017f4   0x00000066   Code   RO         1833    i.usart_hardware_flow_control_set  at32f403a_407_usart.o
    0x0800185a   0x00000002   PAD
    0x0800185c   0x00000088   Code   RO         1834    i.usart_init        at32f403a_407_usart.o
    0x080018e4   0x0000004c   Code   RO         1840    i.usart_parity_selection_config  at32f403a_407_usart.o
    0x08001930   0x0000000a   Code   RO         1841    i.usart_receiver_enable  at32f403a_407_usart.o
    0x0800193a   0x0000000a   Code   RO         1848    i.usart_transmitter_enable  at32f403a_407_usart.o
    0x08001944   0x0000003c   Code   RO          114    i.waitForDRDYinterrupt  at32f403a_407_wk_config.o
    0x08001980   0x00000010   Code   RO          115    i.wk_debug_config   at32f403a_407_wk_config.o
    0x08001990   0x00000054   Code   RO          116    i.wk_exint_config   at32f403a_407_wk_config.o
    0x080019e4   0x00000038   Code   RO          117    i.wk_gpio_config    at32f403a_407_wk_config.o
    0x08001a1c   0x00000014   Code   RO          118    i.wk_nvic_config    at32f403a_407_wk_config.o
    0x08001a30   0x0000004c   Code   RO          119    i.wk_periph_clock_config  at32f403a_407_wk_config.o
    0x08001a7c   0x000000e4   Code   RO          120    i.wk_spi1_init      at32f403a_407_wk_config.o
    0x08001b60   0x000000d8   Code   RO          121    i.wk_system_clock_config  at32f403a_407_wk_config.o
    0x08001c38   0x000000c0   Code   RO          122    i.wk_tmr2_init      at32f403a_407_wk_config.o
    0x08001cf8   0x00000090   Code   RO          123    i.wk_usart1_init    at32f403a_407_wk_config.o
    0x08001d88   0x00000094   Code   RO          318    i.writeSingleRegister  ads131m0x.o
    0x08001e1c   0x0000000a   Code   RO         2175    x$fpl$fpinit        fz_wm.l(fpinit.o)
    0x08001e26   0x00000004   Data   RO          320    .constdata          ads131m0x.o
    0x08001e2a   0x00000028   Data   RO          465    .constdata          at32f403a_407_crm.o
    0x08001e52   0x00000010   Data   RO         2023    .constdata          system_at32f403a_407.o
    0x08001e62   0x00000002   PAD
    0x08001e64   0x00000020   Data   RO         2224    Region$$Table       anon$$obj.o


    Execution Region RW_IRAM1 (Base: 0x20000000, Size: 0x00000708, Max: 0x00018000, ABSOLUTE)

    Base Addr    Size         Type   Attr      Idx    E Section Name        Object

    0x20000000   0x00000009   Data   RW          124    .data               at32f403a_407_wk_config.o
    0x20000009   0x00000003   PAD
    0x2000000c   0x00000004   Data   RW         2024    .data               system_at32f403a_407.o
    0x20000010   0x00000014   Zero   RW            5    .bss                main.o
    0x20000024   0x00000080   Zero   RW          319    .bss                ads131m0x.o
    0x200000a4   0x00000060   Zero   RW         2111    .bss                c_w.l(libspace.o)
    0x20000104   0x00000004   PAD
    0x20000108   0x00000200   Zero   RW         2012    HEAP                startup_at32f403a_407.o
    0x20000308   0x00000400   Zero   RW         2011    STACK               startup_at32f403a_407.o


==============================================================================

Image component sizes


      Code (inc. data)   RO Data    RW Data    ZI Data      Debug   Object Name

      1308        312          4          0        128       9518   ads131m0x.o
       906        106         40          0          0       8576   at32f403a_407_crm.o
       258         16          0          0          0       3436   at32f403a_407_exint.o
       444         12          0          0          0       4622   at32f403a_407_gpio.o
        52          6          0          0          0       4268   at32f403a_407_int.o
       280         18          0          0          0      32660   at32f403a_407_misc.o
        20          6          0          0          0        588   at32f403a_407_pwc.o
       362          0          0          0          0       4710   at32f403a_407_spi.o
       664          0          0          0          0       7699   at32f403a_407_tmr.o
       344         16          0          0          0       4381   at32f403a_407_usart.o
      1584        152          0          9          0      10322   at32f403a_407_wk_config.o
        68          6          0          0         20      73278   main.o
        64         26        388          0       1536        820   startup_at32f403a_407.o
       360         38         16          4          0       2208   system_at32f403a_407.o

    ----------------------------------------------------------------------
      6730        714        482         16       1684     167086   Object Totals
         0          0         32          0          0          0   (incl. Generated)
        16          0          2          3          0          0   (incl. Padding)

    ----------------------------------------------------------------------

      Code (inc. data)   RO Data    RW Data    ZI Data      Debug   Library Member Name

         8          0          0          0          0         68   __main.o
         0          0          0          0          0          0   __rtentry.o
        12          0          0          0          0          0   __rtentry2.o
         6          0          0          0          0          0   __rtentry4.o
        52          8          0          0          0          0   __scatter.o
        26          0          0          0          0          0   __scatter_copy.o
        28          0          0          0          0          0   __scatter_zi.o
        22          0          0          0          0         80   abort.o
       128         42          0          0          0         76   assert.o
        20          0          0          0          0         76   assert_puts.o
        48         34          0          0          0         76   defsig_abrt_inner.o
        14          0          0          0          0         80   defsig_abrt_outer.o
        10          0          0          0          0         68   defsig_exit.o
        50          0          0          0          0         88   defsig_general.o
        18          0          0          0          0         80   exit.o
         6          0          0          0          0        152   heapauxi.o
         0          0          0          0          0          0   indicate_semi.o
         2          0          0          0          0          0   libinit.o
         6          0          0          0          0          0   libinit2.o
         2          0          0          0          0          0   libshutdown.o
         2          0          0          0          0          0   libshutdown2.o
         8          4          0          0         96         68   libspace.o
         2          0          0          0          0          0   rtexit.o
        10          0          0          0          0          0   rtexit2.o
        12          4          0          0          0         68   sys_exit.o
        74          0          0          0          0         80   sys_stackheap_outer.o
        14          0          0          0          0         76   sys_wrch.o
         2          0          0          0          0         68   use_no_semi.o
        10          0          0          0          0        116   fpinit.o

    ----------------------------------------------------------------------
       600         92          0          0        100       1320   Library Totals
         8          0          0          0          4          0   (incl. Padding)

    ----------------------------------------------------------------------

      Code (inc. data)   RO Data    RW Data    ZI Data      Debug   Library Name

       582         92          0          0         96       1204   c_w.l
        10          0          0          0          0        116   fz_wm.l

    ----------------------------------------------------------------------
       600         92          0          0        100       1320   Library Totals

    ----------------------------------------------------------------------

==============================================================================


      Code (inc. data)   RO Data    RW Data    ZI Data      Debug   

      7330        806        482         16       1784     159034   Grand Totals
      7330        806        482         16       1784     159034   ELF Image Totals
      7330        806        482         16          0          0   ROM Totals

==============================================================================

    Total RO  Size (Code + RO Data)                 7812 (   7.63kB)
    Total RW  Size (RW Data + ZI Data)              1800 (   1.76kB)
    Total ROM Size (Code + RO Data + RW Data)       7828 (   7.64kB)

==============================================================================

